[2026-06-02 17:42:15,160] 28 root - INFO - Entered data ingestion method
[2026-06-02 17:42:15,348] 50 root - INFO - Data parsing successful
[2026-06-02 17:42:15,436] 55 root - INFO - Data Ingestion complete!
[2026-06-02 17:42:15,439] 181 root - INFO - Entered data transformation object
[2026-06-02 17:42:15,744] 194 root - INFO - Data parsing complete
[2026-06-02 17:42:15,745] 59 root - INFO - Entered feature engineering object
[2026-06-02 17:42:15,745] 22 root - INFO - Data pivoting started
[2026-06-02 17:42:15,800] 51 root - INFO - Data pivoting complete
[2026-06-02 17:42:15,815] 99 root - INFO - Feature engineerig complete
[2026-06-02 17:42:15,828] 99 root - INFO - Feature engineerig complete
[2026-06-02 17:42:15,839] 99 root - INFO - Feature engineerig complete
[2026-06-02 17:42:15,853] 99 root - INFO - Feature engineerig complete
[2026-06-02 17:42:15,869] 99 root - INFO - Feature engineerig complete
[2026-06-02 17:42:15,884] 99 root - INFO - Feature engineerig complete
[2026-06-02 17:42:15,884] 29 root - INFO - Entered model training object
[2026-06-02 17:42:15,884] 59 root - INFO - Entered feature engineering object
[2026-06-02 17:42:15,884] 22 root - INFO - Data pivoting started
[2026-06-02 17:42:15,905] 51 root - INFO - Data pivoting complete
[2026-06-02 17:42:15,922] 99 root - INFO - Feature engineerig complete
[2026-06-02 17:42:15,937] 99 root - INFO - Feature engineerig complete
[2026-06-02 17:42:15,951] 99 root - INFO - Feature engineerig complete
[2026-06-02 17:42:15,965] 99 root - INFO - Feature engineerig complete
[2026-06-02 17:42:15,981] 99 root - INFO - Feature engineerig complete
[2026-06-02 17:42:15,994] 99 root - INFO - Feature engineerig complete
[2026-06-02 17:42:16,072] 85 root - INFO - Model saved \u2192 models\model_money_sent.pkl
[2026-06-02 17:42:16,166] 85 root - INFO - Model saved \u2192 models\model_paybill_payment.pkl
[2026-06-02 17:42:16,294] 85 root - INFO - Model saved \u2192 models\model_till_payment.pkl
[2026-06-02 17:42:16,381] 85 root - INFO - Model saved \u2192 models\model_pochi_payment.pkl
[2026-06-02 17:42:16,485] 85 root - INFO - Model saved \u2192 models\model_airtime.pkl
[2026-06-02 17:42:16,578] 85 root - INFO - Model saved \u2192 models\model_withdrawal.pkl
[2026-06-02 17:42:16,580] 59 root - INFO - Entered feature engineering object
[2026-06-02 17:42:16,580] 22 root - INFO - Data pivoting started
[2026-06-02 17:42:16,603] 51 root - INFO - Data pivoting complete
[2026-06-02 17:42:16,616] 99 root - INFO - Feature engineerig complete
[2026-06-02 17:42:16,632] 99 root - INFO - Feature engineerig complete
[2026-06-02 17:42:16,648] 99 root - INFO - Feature engineerig complete
[2026-06-02 17:42:16,664] 99 root - INFO - Feature engineerig complete
[2026-06-02 17:42:16,678] 99 root - INFO - Feature engineerig complete
[2026-06-02 17:42:16,695] 99 root - INFO - Feature engineerig complete
[2026-06-02 17:42:16,869] 170 root - INFO - Predictions complete
