[2026-06-09 16:18:08,043] 1025 httpx - INFO - HTTP Request: GET https://raymaznrtwdqqazipgat.supabase.co/auth/v1/user "HTTP/1.1 200 OK"
[2026-06-09 16:18:08,046] 28 root - INFO - Entered data ingestion method
[2026-06-09 16:18:08,121] 50 root - INFO - Data parsing successful
[2026-06-09 16:18:08,157] 55 root - INFO - Data Ingestion complete!
[2026-06-09 16:18:08,159] 190 root - INFO - Entered data transformation object
[2026-06-09 16:18:08,231] 202 root - INFO - Data parsing complete
[2026-06-09 16:18:08,253] 54 root - INFO - Pipeline parsing complete
[2026-06-09 16:18:09,645] 1025 httpx - INFO - HTTP Request: POST https://raymaznrtwdqqazipgat.supabase.co/rest/v1/transactions?on_conflict=transaction_id&columns=%22number%22%2C%22timestamp%22%2C%22amount%22%2C%22balance%22%2C%22body%22%2C%22txn_type%22%2C%22user_id%22%2C%22name%22%2C%22transaction_id%22 "HTTP/2 200 OK"
[2026-06-09 16:18:09,969] 29 root - INFO - Entered model training object
[2026-06-09 16:18:09,969] 59 root - INFO - Entered feature engineering object
[2026-06-09 16:18:09,969] 22 root - INFO - Data pivoting started
[2026-06-09 16:18:10,015] 51 root - INFO - Data pivoting complete
[2026-06-09 16:18:10,031] 99 root - INFO - Feature engineerig complete
[2026-06-09 16:18:10,037] 99 root - INFO - Feature engineerig complete
[2026-06-09 16:18:10,042] 99 root - INFO - Feature engineerig complete
[2026-06-09 16:18:10,048] 99 root - INFO - Feature engineerig complete
[2026-06-09 16:18:10,054] 99 root - INFO - Feature engineerig complete
[2026-06-09 16:18:10,060] 99 root - INFO - Feature engineerig complete
[2026-06-09 16:18:10,088] 85 root - INFO - Model saved \u2192 models\model_money_sent.pkl
[2026-06-09 16:18:10,123] 85 root - INFO - Model saved \u2192 models\model_paybill_payment.pkl
[2026-06-09 16:18:10,185] 85 root - INFO - Model saved \u2192 models\model_till_payment.pkl
[2026-06-09 16:18:10,235] 85 root - INFO - Model saved \u2192 models\model_pochi_payment.pkl
[2026-06-09 16:18:10,273] 85 root - INFO - Model saved \u2192 models\model_airtime.pkl
[2026-06-09 16:18:10,322] 85 root - INFO - Model saved \u2192 models\model_withdrawal.pkl
[2026-06-09 16:18:10,936] 1025 httpx - INFO - HTTP Request: POST https://raymaznrtwdqqazipgat.supabase.co/storage/v1/object/models/ace4781f-5863-41e1-b155-bad0f55b1805/XGBoost.joblib "HTTP/2 400 Bad Request"
[2026-06-09 16:20:22,300] 1025 httpx - INFO - HTTP Request: POST https://raymaznrtwdqqazipgat.supabase.co/auth/v1/token?grant_type=password "HTTP/2 200 OK"
[2026-06-09 16:20:52,861] 1025 httpx - INFO - HTTP Request: GET https://raymaznrtwdqqazipgat.supabase.co/auth/v1/user "HTTP/1.1 200 OK"
[2026-06-09 16:20:52,861] 28 root - INFO - Entered data ingestion method
[2026-06-09 16:20:52,942] 50 root - INFO - Data parsing successful
[2026-06-09 16:20:52,949] 55 root - INFO - Data Ingestion complete!
[2026-06-09 16:20:52,952] 190 root - INFO - Entered data transformation object
[2026-06-09 16:20:53,058] 202 root - INFO - Data parsing complete
[2026-06-09 16:20:53,079] 54 root - INFO - Pipeline parsing complete
[2026-06-09 16:20:54,595] 1025 httpx - INFO - HTTP Request: POST https://raymaznrtwdqqazipgat.supabase.co/rest/v1/transactions?on_conflict=transaction_id&columns=%22number%22%2C%22timestamp%22%2C%22amount%22%2C%22balance%22%2C%22body%22%2C%22txn_type%22%2C%22user_id%22%2C%22name%22%2C%22transaction_id%22 "HTTP/2 200 OK"
[2026-06-09 16:20:54,923] 29 root - INFO - Entered model training object
[2026-06-09 16:20:54,923] 59 root - INFO - Entered feature engineering object
[2026-06-09 16:20:54,923] 22 root - INFO - Data pivoting started
[2026-06-09 16:20:54,935] 51 root - INFO - Data pivoting complete
[2026-06-09 16:20:54,940] 99 root - INFO - Feature engineerig complete
[2026-06-09 16:20:54,945] 99 root - INFO - Feature engineerig complete
[2026-06-09 16:20:54,952] 99 root - INFO - Feature engineerig complete
[2026-06-09 16:20:54,957] 99 root - INFO - Feature engineerig complete
[2026-06-09 16:20:54,963] 99 root - INFO - Feature engineerig complete
[2026-06-09 16:20:54,968] 99 root - INFO - Feature engineerig complete
[2026-06-09 16:20:54,991] 85 root - INFO - Model saved \u2192 models\model_money_sent.pkl
[2026-06-09 16:20:55,023] 85 root - INFO - Model saved \u2192 models\model_paybill_payment.pkl
[2026-06-09 16:20:55,058] 85 root - INFO - Model saved \u2192 models\model_till_payment.pkl
[2026-06-09 16:20:55,087] 85 root - INFO - Model saved \u2192 models\model_pochi_payment.pkl
[2026-06-09 16:20:55,116] 85 root - INFO - Model saved \u2192 models\model_airtime.pkl
[2026-06-09 16:20:55,146] 85 root - INFO - Model saved \u2192 models\model_withdrawal.pkl
[2026-06-09 16:20:56,380] 1025 httpx - INFO - HTTP Request: POST https://raymaznrtwdqqazipgat.supabase.co/storage/v1/object/models/ace4781f-5863-41e1-b155-bad0f55b1805/XGBoost.joblib "HTTP/2 400 Bad Request"
[2026-06-09 16:24:15,743] 1025 httpx - INFO - HTTP Request: GET https://raymaznrtwdqqazipgat.supabase.co/auth/v1/user "HTTP/1.1 200 OK"
[2026-06-09 16:24:15,744] 28 root - INFO - Entered data ingestion method
[2026-06-09 16:24:15,933] 50 root - INFO - Data parsing successful
[2026-06-09 16:24:15,938] 55 root - INFO - Data Ingestion complete!
[2026-06-09 16:24:15,940] 190 root - INFO - Entered data transformation object
[2026-06-09 16:24:16,005] 202 root - INFO - Data parsing complete
[2026-06-09 16:24:16,020] 54 root - INFO - Pipeline parsing complete
[2026-06-09 16:24:17,247] 1025 httpx - INFO - HTTP Request: POST https://raymaznrtwdqqazipgat.supabase.co/rest/v1/transactions?on_conflict=transaction_id&columns=%22number%22%2C%22timestamp%22%2C%22amount%22%2C%22balance%22%2C%22body%22%2C%22txn_type%22%2C%22user_id%22%2C%22name%22%2C%22transaction_id%22 "HTTP/2 200 OK"
[2026-06-09 16:24:17,571] 29 root - INFO - Entered model training object
[2026-06-09 16:24:17,571] 59 root - INFO - Entered feature engineering object
[2026-06-09 16:24:17,571] 22 root - INFO - Data pivoting started
[2026-06-09 16:24:17,587] 51 root - INFO - Data pivoting complete
[2026-06-09 16:24:17,603] 99 root - INFO - Feature engineerig complete
[2026-06-09 16:24:17,603] 99 root - INFO - Feature engineerig complete
[2026-06-09 16:24:17,603] 99 root - INFO - Feature engineerig complete
[2026-06-09 16:24:17,619] 99 root - INFO - Feature engineerig complete
[2026-06-09 16:24:17,619] 99 root - INFO - Feature engineerig complete
[2026-06-09 16:24:17,619] 99 root - INFO - Feature engineerig complete
[2026-06-09 16:24:17,655] 85 root - INFO - Model saved \u2192 models\model_money_sent.pkl
[2026-06-09 16:24:17,706] 85 root - INFO - Model saved \u2192 models\model_paybill_payment.pkl
[2026-06-09 16:24:17,755] 85 root - INFO - Model saved \u2192 models\model_till_payment.pkl
[2026-06-09 16:24:17,788] 85 root - INFO - Model saved \u2192 models\model_pochi_payment.pkl
[2026-06-09 16:24:17,823] 85 root - INFO - Model saved \u2192 models\model_airtime.pkl
[2026-06-09 16:24:17,854] 85 root - INFO - Model saved \u2192 models\model_withdrawal.pkl
[2026-06-09 16:24:18,759] 1025 httpx - INFO - HTTP Request: POST https://raymaznrtwdqqazipgat.supabase.co/storage/v1/object/models/ace4781f-5863-41e1-b155-bad0f55b1805/XGBoost.joblib "HTTP/2 400 Bad Request"
[2026-06-09 17:10:41,005] 1025 httpx - INFO - HTTP Request: GET https://raymaznrtwdqqazipgat.supabase.co/auth/v1/user "HTTP/1.1 200 OK"
[2026-06-09 17:10:41,005] 28 root - INFO - Entered data ingestion method
[2026-06-09 17:10:41,104] 50 root - INFO - Data parsing successful
[2026-06-09 17:10:41,119] 55 root - INFO - Data Ingestion complete!
[2026-06-09 17:10:41,122] 190 root - INFO - Entered data transformation object
[2026-06-09 17:10:41,186] 202 root - INFO - Data parsing complete
[2026-06-09 17:10:41,208] 54 root - INFO - Pipeline parsing complete
[2026-06-09 17:10:43,750] 1025 httpx - INFO - HTTP Request: POST https://raymaznrtwdqqazipgat.supabase.co/rest/v1/transactions?on_conflict=transaction_id&columns=%22number%22%2C%22timestamp%22%2C%22amount%22%2C%22balance%22%2C%22body%22%2C%22txn_type%22%2C%22user_id%22%2C%22name%22%2C%22transaction_id%22 "HTTP/2 200 OK"
[2026-06-09 17:10:44,524] 29 root - INFO - Entered model training object
[2026-06-09 17:10:44,524] 59 root - INFO - Entered feature engineering object
[2026-06-09 17:10:44,524] 22 root - INFO - Data pivoting started
[2026-06-09 17:10:44,559] 51 root - INFO - Data pivoting complete
[2026-06-09 17:10:44,560] 99 root - INFO - Feature engineerig complete
[2026-06-09 17:10:44,572] 99 root - INFO - Feature engineerig complete
[2026-06-09 17:10:44,577] 99 root - INFO - Feature engineerig complete
[2026-06-09 17:10:44,582] 99 root - INFO - Feature engineerig complete
[2026-06-09 17:10:44,586] 99 root - INFO - Feature engineerig complete
[2026-06-09 17:10:44,586] 99 root - INFO - Feature engineerig complete
[2026-06-09 17:10:44,616] 85 root - INFO - Model saved \u2192 models\model_money_sent.pkl
[2026-06-09 17:10:44,647] 85 root - INFO - Model saved \u2192 models\model_paybill_payment.pkl
[2026-06-09 17:10:44,681] 85 root - INFO - Model saved \u2192 models\model_till_payment.pkl
[2026-06-09 17:10:44,709] 85 root - INFO - Model saved \u2192 models\model_pochi_payment.pkl
[2026-06-09 17:10:44,738] 85 root - INFO - Model saved \u2192 models\model_airtime.pkl
[2026-06-09 17:10:44,765] 85 root - INFO - Model saved \u2192 models\model_withdrawal.pkl
[2026-06-09 17:10:45,822] 1025 httpx - INFO - HTTP Request: POST https://raymaznrtwdqqazipgat.supabase.co/storage/v1/object/models/ace4781f-5863-41e1-b155-bad0f55b1805/XGBoost.joblib "HTTP/2 400 Bad Request"
[2026-06-09 17:11:15,337] 1025 httpx - INFO - HTTP Request: GET https://raymaznrtwdqqazipgat.supabase.co/auth/v1/user "HTTP/1.1 200 OK"
[2026-06-09 17:11:15,552] 28 root - INFO - Entered data ingestion method
[2026-06-09 17:11:15,632] 50 root - INFO - Data parsing successful
[2026-06-09 17:11:15,637] 55 root - INFO - Data Ingestion complete!
[2026-06-09 17:11:15,639] 190 root - INFO - Entered data transformation object
[2026-06-09 17:11:15,704] 202 root - INFO - Data parsing complete
[2026-06-09 17:11:15,722] 54 root - INFO - Pipeline parsing complete
[2026-06-09 17:11:17,640] 1025 httpx - INFO - HTTP Request: POST https://raymaznrtwdqqazipgat.supabase.co/rest/v1/transactions?on_conflict=transaction_id&columns=%22number%22%2C%22timestamp%22%2C%22amount%22%2C%22balance%22%2C%22body%22%2C%22txn_type%22%2C%22user_id%22%2C%22name%22%2C%22transaction_id%22 "HTTP/2 200 OK"
[2026-06-09 17:11:18,691] 29 root - INFO - Entered model training object
[2026-06-09 17:11:18,691] 59 root - INFO - Entered feature engineering object
[2026-06-09 17:11:18,691] 22 root - INFO - Data pivoting started
[2026-06-09 17:11:18,707] 51 root - INFO - Data pivoting complete
[2026-06-09 17:11:18,707] 99 root - INFO - Feature engineerig complete
[2026-06-09 17:11:18,723] 99 root - INFO - Feature engineerig complete
[2026-06-09 17:11:18,723] 99 root - INFO - Feature engineerig complete
[2026-06-09 17:11:18,723] 99 root - INFO - Feature engineerig complete
[2026-06-09 17:11:18,742] 99 root - INFO - Feature engineerig complete
[2026-06-09 17:11:18,746] 99 root - INFO - Feature engineerig complete
[2026-06-09 17:11:18,767] 85 root - INFO - Model saved \u2192 models\model_money_sent.pkl
[2026-06-09 17:11:18,821] 85 root - INFO - Model saved \u2192 models\model_paybill_payment.pkl
[2026-06-09 17:11:18,876] 85 root - INFO - Model saved \u2192 models\model_till_payment.pkl
[2026-06-09 17:11:18,911] 85 root - INFO - Model saved \u2192 models\model_pochi_payment.pkl
[2026-06-09 17:11:18,945] 85 root - INFO - Model saved \u2192 models\model_airtime.pkl
[2026-06-09 17:11:18,975] 85 root - INFO - Model saved \u2192 models\model_withdrawal.pkl
[2026-06-09 17:11:19,603] 1025 httpx - INFO - HTTP Request: POST https://raymaznrtwdqqazipgat.supabase.co/storage/v1/object/models/ace4781f-5863-41e1-b155-bad0f55b1805/XGBoost.joblib "HTTP/2 400 Bad Request"
[2026-06-09 17:13:59,221] 1025 httpx - INFO - HTTP Request: GET https://raymaznrtwdqqazipgat.supabase.co/auth/v1/user "HTTP/1.1 200 OK"
[2026-06-09 17:13:59,223] 28 root - INFO - Entered data ingestion method
[2026-06-09 17:13:59,320] 50 root - INFO - Data parsing successful
[2026-06-09 17:13:59,326] 55 root - INFO - Data Ingestion complete!
[2026-06-09 17:13:59,329] 190 root - INFO - Entered data transformation object
[2026-06-09 17:13:59,396] 202 root - INFO - Data parsing complete
[2026-06-09 17:13:59,417] 54 root - INFO - Pipeline parsing complete
[2026-06-09 17:14:01,133] 1025 httpx - INFO - HTTP Request: POST https://raymaznrtwdqqazipgat.supabase.co/rest/v1/transactions?on_conflict=transaction_id&columns=%22number%22%2C%22timestamp%22%2C%22amount%22%2C%22balance%22%2C%22body%22%2C%22txn_type%22%2C%22user_id%22%2C%22name%22%2C%22transaction_id%22 "HTTP/2 200 OK"
[2026-06-09 17:14:02,007] 29 root - INFO - Entered model training object
[2026-06-09 17:14:02,007] 59 root - INFO - Entered feature engineering object
[2026-06-09 17:14:02,023] 22 root - INFO - Data pivoting started
[2026-06-09 17:14:02,023] 51 root - INFO - Data pivoting complete
[2026-06-09 17:14:02,039] 99 root - INFO - Feature engineerig complete
[2026-06-09 17:14:02,039] 99 root - INFO - Feature engineerig complete
[2026-06-09 17:14:02,039] 99 root - INFO - Feature engineerig complete
[2026-06-09 17:14:02,055] 99 root - INFO - Feature engineerig complete
[2026-06-09 17:14:02,060] 99 root - INFO - Feature engineerig complete
[2026-06-09 17:14:02,066] 99 root - INFO - Feature engineerig complete
[2026-06-09 17:14:02,091] 85 root - INFO - Model saved \u2192 models\model_money_sent.pkl
[2026-06-09 17:14:02,163] 85 root - INFO - Model saved \u2192 models\model_paybill_payment.pkl
[2026-06-09 17:14:02,233] 85 root - INFO - Model saved \u2192 models\model_till_payment.pkl
[2026-06-09 17:14:02,267] 85 root - INFO - Model saved \u2192 models\model_pochi_payment.pkl
[2026-06-09 17:14:02,298] 85 root - INFO - Model saved \u2192 models\model_airtime.pkl
[2026-06-09 17:14:02,326] 85 root - INFO - Model saved \u2192 models\model_withdrawal.pkl
[2026-06-09 17:14:03,722] 1025 httpx - INFO - HTTP Request: POST https://raymaznrtwdqqazipgat.supabase.co/storage/v1/object/models/ace4781f-5863-41e1-b155-bad0f55b1805/XGBoost.joblib "HTTP/2 200 OK"
