[2026-06-09 16:11:40,236] 1025 httpx - INFO - HTTP Request: GET https://raymaznrtwdqqazipgat.supabase.co/auth/v1/user "HTTP/1.1 200 OK"
[2026-06-09 16:11:40,255] 28 root - INFO - Entered data ingestion method
[2026-06-09 16:11:40,319] 50 root - INFO - Data parsing successful
[2026-06-09 16:11:40,372] 55 root - INFO - Data Ingestion complete!
[2026-06-09 16:11:40,374] 190 root - INFO - Entered data transformation object
[2026-06-09 16:11:40,449] 202 root - INFO - Data parsing complete
[2026-06-09 16:11:40,471] 54 root - INFO - Pipeline parsing complete
[2026-06-09 16:11:42,592] 1025 httpx - INFO - HTTP Request: POST https://raymaznrtwdqqazipgat.supabase.co/rest/v1/transactions?on_conflict=transaction_id&columns=%22body%22%2C%22balance%22%2C%22txn_type%22%2C%22timestamp%22%2C%22user_id%22%2C%22amount%22%2C%22transaction_id%22%2C%22number%22%2C%22name%22 "HTTP/2 200 OK"
[2026-06-09 16:11:43,432] 29 root - INFO - Entered model training object
[2026-06-09 16:11:43,432] 59 root - INFO - Entered feature engineering object
[2026-06-09 16:11:43,432] 22 root - INFO - Data pivoting started
[2026-06-09 16:11:43,483] 51 root - INFO - Data pivoting complete
[2026-06-09 16:11:43,495] 99 root - INFO - Feature engineerig complete
[2026-06-09 16:11:43,495] 99 root - INFO - Feature engineerig complete
[2026-06-09 16:11:43,495] 99 root - INFO - Feature engineerig complete
[2026-06-09 16:11:43,511] 99 root - INFO - Feature engineerig complete
[2026-06-09 16:11:43,511] 99 root - INFO - Feature engineerig complete
[2026-06-09 16:11:43,526] 99 root - INFO - Feature engineerig complete
[2026-06-09 16:11:43,555] 85 root - INFO - Model saved \u2192 models\model_money_sent.pkl
[2026-06-09 16:11:43,612] 85 root - INFO - Model saved \u2192 models\model_paybill_payment.pkl
[2026-06-09 16:11:43,658] 85 root - INFO - Model saved \u2192 models\model_till_payment.pkl
[2026-06-09 16:11:43,696] 85 root - INFO - Model saved \u2192 models\model_pochi_payment.pkl
[2026-06-09 16:11:43,730] 85 root - INFO - Model saved \u2192 models\model_airtime.pkl
[2026-06-09 16:11:43,763] 85 root - INFO - Model saved \u2192 models\model_withdrawal.pkl
[2026-06-09 16:11:44,823] 1025 httpx - INFO - HTTP Request: POST https://raymaznrtwdqqazipgat.supabase.co/storage/v1/object/models/ace4781f-5863-41e1-b155-bad0f55b1805/XGBoost.joblib "HTTP/2 400 Bad Request"
