[2026-06-09 16:07:29,525] 1025 httpx - INFO - HTTP Request: GET https://raymaznrtwdqqazipgat.supabase.co/auth/v1/user "HTTP/1.1 200 OK"
[2026-06-09 16:07:29,528] 28 root - INFO - Entered data ingestion method
[2026-06-09 16:07:29,600] 50 root - INFO - Data parsing successful
[2026-06-09 16:07:29,639] 55 root - INFO - Data Ingestion complete!
[2026-06-09 16:07:29,641] 190 root - INFO - Entered data transformation object
[2026-06-09 16:07:29,710] 202 root - INFO - Data parsing complete
[2026-06-09 16:07:29,731] 54 root - INFO - Pipeline parsing complete
[2026-06-09 16:07:32,057] 1025 httpx - INFO - HTTP Request: POST https://raymaznrtwdqqazipgat.supabase.co/rest/v1/transactions?on_conflict=transaction_id&columns=%22name%22%2C%22balance%22%2C%22number%22%2C%22txn_type%22%2C%22user_id%22%2C%22timestamp%22%2C%22transaction_id%22%2C%22body%22%2C%22amount%22 "HTTP/2 200 OK"
[2026-06-09 16:07:32,382] 29 root - INFO - Entered model training object
[2026-06-09 16:07:32,383] 59 root - INFO - Entered feature engineering object
[2026-06-09 16:07:32,383] 22 root - INFO - Data pivoting started
[2026-06-09 16:07:32,523] 51 root - INFO - Data pivoting complete
[2026-06-09 16:07:32,532] 99 root - INFO - Feature engineerig complete
[2026-06-09 16:07:32,538] 99 root - INFO - Feature engineerig complete
[2026-06-09 16:07:32,544] 99 root - INFO - Feature engineerig complete
[2026-06-09 16:07:32,549] 99 root - INFO - Feature engineerig complete
[2026-06-09 16:07:32,554] 99 root - INFO - Feature engineerig complete
[2026-06-09 16:07:32,561] 99 root - INFO - Feature engineerig complete
[2026-06-09 16:07:32,613] 85 root - INFO - Model saved \u2192 models\model_money_sent.pkl
[2026-06-09 16:07:32,652] 85 root - INFO - Model saved \u2192 models\model_paybill_payment.pkl
[2026-06-09 16:07:32,689] 85 root - INFO - Model saved \u2192 models\model_till_payment.pkl
[2026-06-09 16:07:32,734] 85 root - INFO - Model saved \u2192 models\model_pochi_payment.pkl
[2026-06-09 16:07:32,795] 85 root - INFO - Model saved \u2192 models\model_airtime.pkl
[2026-06-09 16:07:32,843] 85 root - INFO - Model saved \u2192 models\model_withdrawal.pkl
