[2026-06-10 23:18:26,174] 1025 httpx - INFO - HTTP Request: GET https://raymaznrtwdqqazipgat.supabase.co/auth/v1/user "HTTP/1.1 200 OK"
[2026-06-10 23:18:26,180] 28 root - INFO - Entered data ingestion method
[2026-06-10 23:18:26,357] 50 root - INFO - Data parsing successful
[2026-06-10 23:18:26,428] 55 root - INFO - Data Ingestion complete!
[2026-06-10 23:18:26,430] 190 root - INFO - Entered data transformation object
[2026-06-10 23:18:26,599] 202 root - INFO - Data parsing complete
[2026-06-10 23:18:26,650] 58 root - INFO - Pipeline parsing complete
[2026-06-10 23:18:27,673] 1025 httpx - INFO - HTTP Request: POST https://raymaznrtwdqqazipgat.supabase.co/storage/v1/object/list/models "HTTP/2 200 OK"
[2026-06-10 23:19:09,131] 1025 httpx - INFO - HTTP Request: POST https://raymaznrtwdqqazipgat.supabase.co/rest/v1/transactions?on_conflict=transaction_id&columns=%22timestamp%22%2C%22txn_type%22%2C%22number%22%2C%22body%22%2C%22name%22%2C%22user_id%22%2C%22transaction_id%22%2C%22amount%22%2C%22balance%22 "HTTP/2 520 "
[2026-06-10 23:19:09,148] 11 root - INFO - Error capture successful!
[2026-06-10 23:30:31,721] 1025 httpx - INFO - HTTP Request: GET https://raymaznrtwdqqazipgat.supabase.co/auth/v1/user "HTTP/1.1 403 Forbidden"
[2026-06-10 23:30:46,116] 1025 httpx - INFO - HTTP Request: POST https://raymaznrtwdqqazipgat.supabase.co/auth/v1/token?grant_type=password "HTTP/2 200 OK"
[2026-06-10 23:31:10,874] 1025 httpx - INFO - HTTP Request: GET https://raymaznrtwdqqazipgat.supabase.co/auth/v1/user "HTTP/1.1 200 OK"
[2026-06-10 23:31:11,951] 28 root - INFO - Entered data ingestion method
[2026-06-10 23:31:12,146] 50 root - INFO - Data parsing successful
[2026-06-10 23:31:12,183] 55 root - INFO - Data Ingestion complete!
[2026-06-10 23:31:12,189] 190 root - INFO - Entered data transformation object
[2026-06-10 23:31:12,381] 202 root - INFO - Data parsing complete
[2026-06-10 23:31:12,445] 58 root - INFO - Pipeline parsing complete
[2026-06-10 23:31:14,360] 1025 httpx - INFO - HTTP Request: POST https://raymaznrtwdqqazipgat.supabase.co/storage/v1/object/list/models "HTTP/2 200 OK"
[2026-06-10 23:31:25,820] 1025 httpx - INFO - HTTP Request: POST https://raymaznrtwdqqazipgat.supabase.co/rest/v1/transactions?on_conflict=transaction_id&columns=%22timestamp%22%2C%22txn_type%22%2C%22number%22%2C%22body%22%2C%22name%22%2C%22user_id%22%2C%22transaction_id%22%2C%22amount%22%2C%22balance%22 "HTTP/2 200 OK"
[2026-06-10 23:31:26,781] 1025 httpx - INFO - HTTP Request: GET https://raymaznrtwdqqazipgat.supabase.co/rest/v1/transactions?select=%2A&user_id=eq.ace4781f-5863-41e1-b155-bad0f55b1805 "HTTP/2 200 OK"
[2026-06-10 23:31:27,264] 30 root - INFO - Entered model training object
[2026-06-10 23:31:27,264] 59 root - INFO - Entered feature engineering object
[2026-06-10 23:31:27,265] 22 root - INFO - Data pivoting started
[2026-06-10 23:31:27,291] 51 root - INFO - Data pivoting complete
[2026-06-10 23:31:27,308] 99 root - INFO - Feature engineerig complete
[2026-06-10 23:31:27,326] 99 root - INFO - Feature engineerig complete
[2026-06-10 23:31:27,342] 99 root - INFO - Feature engineerig complete
[2026-06-10 23:31:27,358] 99 root - INFO - Feature engineerig complete
[2026-06-10 23:31:27,376] 99 root - INFO - Feature engineerig complete
[2026-06-10 23:31:27,397] 99 root - INFO - Feature engineerig complete
[2026-06-10 23:31:30,042] 1025 httpx - INFO - HTTP Request: POST https://raymaznrtwdqqazipgat.supabase.co/storage/v1/object/models/ace4781f-5863-41e1-b155-bad0f55b1805/money_sent.joblib "HTTP/2 200 OK"
[2026-06-10 23:31:30,042] 82 root - INFO - Models saved to DB
[2026-06-10 23:31:31,407] 1025 httpx - INFO - HTTP Request: POST https://raymaznrtwdqqazipgat.supabase.co/storage/v1/object/models/ace4781f-5863-41e1-b155-bad0f55b1805/paybill_payment.joblib "HTTP/2 200 OK"
[2026-06-10 23:31:31,410] 82 root - INFO - Models saved to DB
[2026-06-10 23:31:33,028] 1025 httpx - INFO - HTTP Request: POST https://raymaznrtwdqqazipgat.supabase.co/storage/v1/object/models/ace4781f-5863-41e1-b155-bad0f55b1805/till_payment.joblib "HTTP/2 200 OK"
[2026-06-10 23:31:33,030] 82 root - INFO - Models saved to DB
[2026-06-10 23:31:35,609] 1025 httpx - INFO - HTTP Request: POST https://raymaznrtwdqqazipgat.supabase.co/storage/v1/object/models/ace4781f-5863-41e1-b155-bad0f55b1805/pochi_payment.joblib "HTTP/2 200 OK"
[2026-06-10 23:31:35,611] 82 root - INFO - Models saved to DB
[2026-06-10 23:31:37,474] 1025 httpx - INFO - HTTP Request: POST https://raymaznrtwdqqazipgat.supabase.co/storage/v1/object/models/ace4781f-5863-41e1-b155-bad0f55b1805/airtime.joblib "HTTP/2 200 OK"
[2026-06-10 23:31:37,475] 82 root - INFO - Models saved to DB
[2026-06-10 23:31:40,169] 1025 httpx - INFO - HTTP Request: POST https://raymaznrtwdqqazipgat.supabase.co/storage/v1/object/models/ace4781f-5863-41e1-b155-bad0f55b1805/withdrawal.joblib "HTTP/2 200 OK"
[2026-06-10 23:31:40,171] 82 root - INFO - Models saved to DB
[2026-06-10 23:31:40,172] 25 root - INFO - Initiated report generation
[2026-06-10 23:31:40,191] 62 root - INFO - Report successfully generated
[2026-06-10 23:31:40,223] 59 root - INFO - Entered feature engineering object
[2026-06-10 23:31:40,223] 22 root - INFO - Data pivoting started
[2026-06-10 23:31:40,247] 51 root - INFO - Data pivoting complete
[2026-06-10 23:31:40,263] 99 root - INFO - Feature engineerig complete
[2026-06-10 23:31:40,280] 99 root - INFO - Feature engineerig complete
[2026-06-10 23:31:40,296] 99 root - INFO - Feature engineerig complete
[2026-06-10 23:31:40,312] 99 root - INFO - Feature engineerig complete
[2026-06-10 23:31:40,326] 99 root - INFO - Feature engineerig complete
[2026-06-10 23:31:40,339] 99 root - INFO - Feature engineerig complete
[2026-06-10 23:31:41,726] 1025 httpx - INFO - HTTP Request: GET https://raymaznrtwdqqazipgat.supabase.co/storage/v1/object/models/ace4781f-5863-41e1-b155-bad0f55b1805/money_sent.joblib "HTTP/2 200 OK"
[2026-06-10 23:31:42,591] 1025 httpx - INFO - HTTP Request: GET https://raymaznrtwdqqazipgat.supabase.co/storage/v1/object/models/ace4781f-5863-41e1-b155-bad0f55b1805/paybill_payment.joblib "HTTP/2 200 OK"
[2026-06-10 23:31:44,599] 1025 httpx - INFO - HTTP Request: GET https://raymaznrtwdqqazipgat.supabase.co/storage/v1/object/models/ace4781f-5863-41e1-b155-bad0f55b1805/till_payment.joblib "HTTP/2 200 OK"
[2026-06-10 23:31:46,021] 1025 httpx - INFO - HTTP Request: GET https://raymaznrtwdqqazipgat.supabase.co/storage/v1/object/models/ace4781f-5863-41e1-b155-bad0f55b1805/pochi_payment.joblib "HTTP/2 200 OK"
[2026-06-10 23:31:47,150] 1025 httpx - INFO - HTTP Request: GET https://raymaznrtwdqqazipgat.supabase.co/storage/v1/object/models/ace4781f-5863-41e1-b155-bad0f55b1805/airtime.joblib "HTTP/2 200 OK"
[2026-06-10 23:31:48,502] 1025 httpx - INFO - HTTP Request: GET https://raymaznrtwdqqazipgat.supabase.co/storage/v1/object/models/ace4781f-5863-41e1-b155-bad0f55b1805/withdrawal.joblib "HTTP/2 200 OK"
[2026-06-10 23:31:50,805] 1025 httpx - INFO - HTTP Request: GET https://raymaznrtwdqqazipgat.supabase.co/storage/v1/object/models/ace4781f-5863-41e1-b155-bad0f55b1805/money_sent.joblib "HTTP/2 200 OK"
[2026-06-10 23:31:52,235] 1025 httpx - INFO - HTTP Request: GET https://raymaznrtwdqqazipgat.supabase.co/storage/v1/object/models/ace4781f-5863-41e1-b155-bad0f55b1805/paybill_payment.joblib "HTTP/2 200 OK"
[2026-06-10 23:31:53,714] 1025 httpx - INFO - HTTP Request: GET https://raymaznrtwdqqazipgat.supabase.co/storage/v1/object/models/ace4781f-5863-41e1-b155-bad0f55b1805/till_payment.joblib "HTTP/2 200 OK"
[2026-06-10 23:31:55,453] 1025 httpx - INFO - HTTP Request: GET https://raymaznrtwdqqazipgat.supabase.co/storage/v1/object/models/ace4781f-5863-41e1-b155-bad0f55b1805/pochi_payment.joblib "HTTP/2 200 OK"
[2026-06-10 23:31:57,903] 1025 httpx - INFO - HTTP Request: GET https://raymaznrtwdqqazipgat.supabase.co/storage/v1/object/models/ace4781f-5863-41e1-b155-bad0f55b1805/airtime.joblib "HTTP/2 200 OK"
[2026-06-10 23:31:59,609] 1025 httpx - INFO - HTTP Request: GET https://raymaznrtwdqqazipgat.supabase.co/storage/v1/object/models/ace4781f-5863-41e1-b155-bad0f55b1805/withdrawal.joblib "HTTP/2 200 OK"
[2026-06-10 23:32:04,299] 1025 httpx - INFO - HTTP Request: GET https://raymaznrtwdqqazipgat.supabase.co/storage/v1/object/models/ace4781f-5863-41e1-b155-bad0f55b1805/money_sent.joblib "HTTP/2 200 OK"
[2026-06-10 23:32:05,097] 1025 httpx - INFO - HTTP Request: GET https://raymaznrtwdqqazipgat.supabase.co/storage/v1/object/models/ace4781f-5863-41e1-b155-bad0f55b1805/paybill_payment.joblib "HTTP/2 200 OK"
[2026-06-10 23:32:08,048] 1025 httpx - INFO - HTTP Request: GET https://raymaznrtwdqqazipgat.supabase.co/storage/v1/object/models/ace4781f-5863-41e1-b155-bad0f55b1805/till_payment.joblib "HTTP/2 200 OK"
[2026-06-10 23:32:09,725] 1025 httpx - INFO - HTTP Request: GET https://raymaznrtwdqqazipgat.supabase.co/storage/v1/object/models/ace4781f-5863-41e1-b155-bad0f55b1805/pochi_payment.joblib "HTTP/2 200 OK"
[2026-06-10 23:32:11,005] 1025 httpx - INFO - HTTP Request: GET https://raymaznrtwdqqazipgat.supabase.co/storage/v1/object/models/ace4781f-5863-41e1-b155-bad0f55b1805/airtime.joblib "HTTP/2 200 OK"
[2026-06-10 23:32:12,995] 1025 httpx - INFO - HTTP Request: GET https://raymaznrtwdqqazipgat.supabase.co/storage/v1/object/models/ace4781f-5863-41e1-b155-bad0f55b1805/withdrawal.joblib "HTTP/2 200 OK"
[2026-06-10 23:32:14,051] 1025 httpx - INFO - HTTP Request: GET https://raymaznrtwdqqazipgat.supabase.co/storage/v1/object/models/ace4781f-5863-41e1-b155-bad0f55b1805/money_sent.joblib "HTTP/2 200 OK"
[2026-06-10 23:32:14,492] 1025 httpx - INFO - HTTP Request: GET https://raymaznrtwdqqazipgat.supabase.co/storage/v1/object/models/ace4781f-5863-41e1-b155-bad0f55b1805/paybill_payment.joblib "HTTP/2 200 OK"
[2026-06-10 23:32:15,025] 1025 httpx - INFO - HTTP Request: GET https://raymaznrtwdqqazipgat.supabase.co/storage/v1/object/models/ace4781f-5863-41e1-b155-bad0f55b1805/till_payment.joblib "HTTP/2 200 OK"
[2026-06-10 23:32:15,866] 1025 httpx - INFO - HTTP Request: GET https://raymaznrtwdqqazipgat.supabase.co/storage/v1/object/models/ace4781f-5863-41e1-b155-bad0f55b1805/pochi_payment.joblib "HTTP/2 200 OK"
[2026-06-10 23:32:16,434] 1025 httpx - INFO - HTTP Request: GET https://raymaznrtwdqqazipgat.supabase.co/storage/v1/object/models/ace4781f-5863-41e1-b155-bad0f55b1805/airtime.joblib "HTTP/2 200 OK"
[2026-06-10 23:32:17,024] 1025 httpx - INFO - HTTP Request: GET https://raymaznrtwdqqazipgat.supabase.co/storage/v1/object/models/ace4781f-5863-41e1-b155-bad0f55b1805/withdrawal.joblib "HTTP/2 200 OK"
[2026-06-10 23:32:17,563] 1025 httpx - INFO - HTTP Request: GET https://raymaznrtwdqqazipgat.supabase.co/storage/v1/object/models/ace4781f-5863-41e1-b155-bad0f55b1805/money_sent.joblib "HTTP/2 200 OK"
[2026-06-10 23:32:17,975] 1025 httpx - INFO - HTTP Request: GET https://raymaznrtwdqqazipgat.supabase.co/storage/v1/object/models/ace4781f-5863-41e1-b155-bad0f55b1805/paybill_payment.joblib "HTTP/2 200 OK"
[2026-06-10 23:32:18,495] 1025 httpx - INFO - HTTP Request: GET https://raymaznrtwdqqazipgat.supabase.co/storage/v1/object/models/ace4781f-5863-41e1-b155-bad0f55b1805/till_payment.joblib "HTTP/2 200 OK"
[2026-06-10 23:32:19,208] 1025 httpx - INFO - HTTP Request: GET https://raymaznrtwdqqazipgat.supabase.co/storage/v1/object/models/ace4781f-5863-41e1-b155-bad0f55b1805/pochi_payment.joblib "HTTP/2 200 OK"
[2026-06-10 23:32:19,510] 1025 httpx - INFO - HTTP Request: GET https://raymaznrtwdqqazipgat.supabase.co/storage/v1/object/models/ace4781f-5863-41e1-b155-bad0f55b1805/airtime.joblib "HTTP/2 200 OK"
[2026-06-10 23:32:19,924] 1025 httpx - INFO - HTTP Request: GET https://raymaznrtwdqqazipgat.supabase.co/storage/v1/object/models/ace4781f-5863-41e1-b155-bad0f55b1805/withdrawal.joblib "HTTP/2 200 OK"
[2026-06-10 23:32:20,428] 1025 httpx - INFO - HTTP Request: GET https://raymaznrtwdqqazipgat.supabase.co/storage/v1/object/models/ace4781f-5863-41e1-b155-bad0f55b1805/money_sent.joblib "HTTP/2 200 OK"
[2026-06-10 23:32:20,734] 1025 httpx - INFO - HTTP Request: GET https://raymaznrtwdqqazipgat.supabase.co/storage/v1/object/models/ace4781f-5863-41e1-b155-bad0f55b1805/paybill_payment.joblib "HTTP/2 200 OK"
[2026-06-10 23:32:21,146] 1025 httpx - INFO - HTTP Request: GET https://raymaznrtwdqqazipgat.supabase.co/storage/v1/object/models/ace4781f-5863-41e1-b155-bad0f55b1805/till_payment.joblib "HTTP/2 200 OK"
[2026-06-10 23:32:21,564] 1025 httpx - INFO - HTTP Request: GET https://raymaznrtwdqqazipgat.supabase.co/storage/v1/object/models/ace4781f-5863-41e1-b155-bad0f55b1805/pochi_payment.joblib "HTTP/2 200 OK"
[2026-06-10 23:32:22,167] 1025 httpx - INFO - HTTP Request: GET https://raymaznrtwdqqazipgat.supabase.co/storage/v1/object/models/ace4781f-5863-41e1-b155-bad0f55b1805/airtime.joblib "HTTP/2 200 OK"
[2026-06-10 23:32:22,686] 1025 httpx - INFO - HTTP Request: GET https://raymaznrtwdqqazipgat.supabase.co/storage/v1/object/models/ace4781f-5863-41e1-b155-bad0f55b1805/withdrawal.joblib "HTTP/2 200 OK"
[2026-06-10 23:32:22,818] 173 root - INFO - Predictions complete
