[2026-06-10 22:40:10,926] 1025 httpx - INFO - HTTP Request: GET https://raymaznrtwdqqazipgat.supabase.co/auth/v1/user "HTTP/1.1 200 OK"
[2026-06-10 22:40:10,928] 28 root - INFO - Entered data ingestion method
[2026-06-10 22:40:11,108] 50 root - INFO - Data parsing successful
[2026-06-10 22:40:11,173] 55 root - INFO - Data Ingestion complete!
[2026-06-10 22:40:11,177] 190 root - INFO - Entered data transformation object
[2026-06-10 22:40:11,352] 202 root - INFO - Data parsing complete
[2026-06-10 22:40:11,413] 58 root - INFO - Pipeline parsing complete
[2026-06-10 22:40:13,769] 1025 httpx - INFO - HTTP Request: POST https://raymaznrtwdqqazipgat.supabase.co/rest/v1/transactions?on_conflict=transaction_id&columns=%22name%22%2C%22amount%22%2C%22txn_type%22%2C%22transaction_id%22%2C%22number%22%2C%22balance%22%2C%22body%22%2C%22timestamp%22%2C%22user_id%22 "HTTP/2 200 OK"
[2026-06-10 22:40:14,632] 1025 httpx - INFO - HTTP Request: GET https://raymaznrtwdqqazipgat.supabase.co/rest/v1/transactions?select=%2A&user_id=eq.ace4781f-5863-41e1-b155-bad0f55b1805 "HTTP/2 200 OK"
[2026-06-10 22:40:14,775] 29 root - INFO - Entered model training object
[2026-06-10 22:40:14,775] 59 root - INFO - Entered feature engineering object
[2026-06-10 22:40:14,775] 22 root - INFO - Data pivoting started
[2026-06-10 22:40:14,808] 51 root - INFO - Data pivoting complete
[2026-06-10 22:40:14,822] 99 root - INFO - Feature engineerig complete
[2026-06-10 22:40:14,835] 99 root - INFO - Feature engineerig complete
[2026-06-10 22:40:14,850] 99 root - INFO - Feature engineerig complete
[2026-06-10 22:40:14,858] 99 root - INFO - Feature engineerig complete
[2026-06-10 22:40:14,874] 99 root - INFO - Feature engineerig complete
[2026-06-10 22:40:14,894] 99 root - INFO - Feature engineerig complete
[2026-06-10 22:40:14,965] 84 root - INFO - Model saved \u2192 models\model_money_sent.pkl
[2026-06-10 22:40:15,105] 84 root - INFO - Model saved \u2192 models\model_paybill_payment.pkl
[2026-06-10 22:40:15,275] 84 root - INFO - Model saved \u2192 models\model_till_payment.pkl
[2026-06-10 22:40:15,394] 84 root - INFO - Model saved \u2192 models\model_pochi_payment.pkl
[2026-06-10 22:40:15,490] 84 root - INFO - Model saved \u2192 models\model_airtime.pkl
[2026-06-10 22:40:15,643] 84 root - INFO - Model saved \u2192 models\model_withdrawal.pkl
[2026-06-10 22:40:16,889] 1025 httpx - INFO - HTTP Request: POST https://raymaznrtwdqqazipgat.supabase.co/storage/v1/object/models/ace4781f-5863-41e1-b155-bad0f55b1805/XGBoost.joblib "HTTP/2 200 OK"
[2026-06-10 22:40:17,913] 1025 httpx - INFO - HTTP Request: GET https://raymaznrtwdqqazipgat.supabase.co/storage/v1/object/models/ace4781f-5863-41e1-b155-bad0f55b1805/XGBoost.joblib "HTTP/2 200 OK"
[2026-06-10 22:40:18,017] 25 root - INFO - Initiated report generation
[2026-06-10 22:40:18,033] 62 root - INFO - Report successfully generated
[2026-06-10 22:40:18,093] 11 root - INFO - Error capture successful!
