[2026-06-10 22:55:14,848] 1025 httpx - INFO - HTTP Request: GET https://raymaznrtwdqqazipgat.supabase.co/auth/v1/user "HTTP/1.1 200 OK"
[2026-06-10 22:55:14,854] 28 root - INFO - Entered data ingestion method
[2026-06-10 22:55:15,146] 50 root - INFO - Data parsing successful
[2026-06-10 22:55:15,290] 55 root - INFO - Data Ingestion complete!
[2026-06-10 22:55:15,297] 190 root - INFO - Entered data transformation object
[2026-06-10 22:55:15,468] 202 root - INFO - Data parsing complete
[2026-06-10 22:55:15,520] 58 root - INFO - Pipeline parsing complete
[2026-06-10 22:55:25,298] 1025 httpx - INFO - HTTP Request: POST https://raymaznrtwdqqazipgat.supabase.co/rest/v1/transactions?on_conflict=transaction_id&columns=%22body%22%2C%22txn_type%22%2C%22name%22%2C%22transaction_id%22%2C%22number%22%2C%22user_id%22%2C%22balance%22%2C%22amount%22%2C%22timestamp%22 "HTTP/2 200 OK"
[2026-06-10 22:55:28,057] 1025 httpx - INFO - HTTP Request: GET https://raymaznrtwdqqazipgat.supabase.co/rest/v1/transactions?select=%2A&user_id=eq.ace4781f-5863-41e1-b155-bad0f55b1805 "HTTP/2 200 OK"
[2026-06-10 22:55:28,880] 29 root - INFO - Entered model training object
[2026-06-10 22:55:28,881] 59 root - INFO - Entered feature engineering object
[2026-06-10 22:55:28,881] 22 root - INFO - Data pivoting started
[2026-06-10 22:55:28,912] 51 root - INFO - Data pivoting complete
[2026-06-10 22:55:28,929] 99 root - INFO - Feature engineerig complete
[2026-06-10 22:55:28,946] 99 root - INFO - Feature engineerig complete
[2026-06-10 22:55:28,964] 99 root - INFO - Feature engineerig complete
[2026-06-10 22:55:28,985] 99 root - INFO - Feature engineerig complete
[2026-06-10 22:55:29,003] 99 root - INFO - Feature engineerig complete
[2026-06-10 22:55:29,019] 99 root - INFO - Feature engineerig complete
[2026-06-10 22:55:29,091] 84 root - INFO - Model saved \u2192 models\model_money_sent.pkl
[2026-06-10 22:55:29,211] 84 root - INFO - Model saved \u2192 models\model_paybill_payment.pkl
[2026-06-10 22:55:29,339] 84 root - INFO - Model saved \u2192 models\model_till_payment.pkl
[2026-06-10 22:55:29,488] 84 root - INFO - Model saved \u2192 models\model_pochi_payment.pkl
[2026-06-10 22:55:29,585] 84 root - INFO - Model saved \u2192 models\model_airtime.pkl
[2026-06-10 22:55:29,686] 84 root - INFO - Model saved \u2192 models\model_withdrawal.pkl
[2026-06-10 22:55:29,688] 25 root - INFO - Initiated report generation
[2026-06-10 22:55:29,703] 62 root - INFO - Report successfully generated
[2026-06-10 22:55:29,735] 59 root - INFO - Entered feature engineering object
[2026-06-10 22:55:29,735] 22 root - INFO - Data pivoting started
[2026-06-10 22:55:29,757] 51 root - INFO - Data pivoting complete
[2026-06-10 22:55:29,776] 99 root - INFO - Feature engineerig complete
[2026-06-10 22:55:29,796] 99 root - INFO - Feature engineerig complete
[2026-06-10 22:55:29,816] 99 root - INFO - Feature engineerig complete
[2026-06-10 22:55:29,833] 99 root - INFO - Feature engineerig complete
[2026-06-10 22:55:29,851] 99 root - INFO - Feature engineerig complete
[2026-06-10 22:55:29,871] 99 root - INFO - Feature engineerig complete
[2026-06-10 22:55:30,564] 1025 httpx - INFO - HTTP Request: GET https://raymaznrtwdqqazipgat.supabase.co/storage/v1/object/models/ace4781f-5863-41e1-b155-bad0f55b1805/money_sent.joblib "HTTP/2 400 Bad Request"
[2026-06-10 22:55:30,566] 11 root - INFO - Error capture successful!
[2026-06-10 22:55:30,566] 11 root - INFO - Error capture successful!
