[2026-06-10 22:34:14,114] 1025 httpx - INFO - HTTP Request: GET https://raymaznrtwdqqazipgat.supabase.co/auth/v1/user "HTTP/1.1 200 OK"
[2026-06-10 22:34:14,119] 28 root - INFO - Entered data ingestion method
[2026-06-10 22:34:14,298] 50 root - INFO - Data parsing successful
[2026-06-10 22:34:14,364] 55 root - INFO - Data Ingestion complete!
[2026-06-10 22:34:14,368] 190 root - INFO - Entered data transformation object
[2026-06-10 22:34:14,538] 202 root - INFO - Data parsing complete
[2026-06-10 22:34:14,591] 58 root - INFO - Pipeline parsing complete
[2026-06-10 22:34:19,146] 1025 httpx - INFO - HTTP Request: POST https://raymaznrtwdqqazipgat.supabase.co/rest/v1/transactions?on_conflict=transaction_id&columns=%22transaction_id%22%2C%22name%22%2C%22txn_type%22%2C%22balance%22%2C%22timestamp%22%2C%22number%22%2C%22user_id%22%2C%22body%22%2C%22amount%22 "HTTP/2 200 OK"
[2026-06-10 22:34:20,037] 1025 httpx - INFO - HTTP Request: GET https://raymaznrtwdqqazipgat.supabase.co/rest/v1/transactions?select=%2A&user_id=eq.ace4781f-5863-41e1-b155-bad0f55b1805 "HTTP/2 200 OK"
[2026-06-10 22:34:21,027] 29 root - INFO - Entered model training object
[2026-06-10 22:34:21,027] 59 root - INFO - Entered feature engineering object
[2026-06-10 22:34:21,027] 22 root - INFO - Data pivoting started
[2026-06-10 22:34:21,057] 51 root - INFO - Data pivoting complete
[2026-06-10 22:34:21,075] 99 root - INFO - Feature engineerig complete
[2026-06-10 22:34:21,090] 99 root - INFO - Feature engineerig complete
[2026-06-10 22:34:21,107] 99 root - INFO - Feature engineerig complete
[2026-06-10 22:34:21,121] 99 root - INFO - Feature engineerig complete
[2026-06-10 22:34:21,136] 99 root - INFO - Feature engineerig complete
[2026-06-10 22:34:21,148] 99 root - INFO - Feature engineerig complete
[2026-06-10 22:34:21,255] 84 root - INFO - Model saved \u2192 models\model_money_sent.pkl
[2026-06-10 22:34:21,362] 84 root - INFO - Model saved \u2192 models\model_paybill_payment.pkl
[2026-06-10 22:34:21,538] 84 root - INFO - Model saved \u2192 models\model_till_payment.pkl
[2026-06-10 22:34:21,665] 84 root - INFO - Model saved \u2192 models\model_pochi_payment.pkl
[2026-06-10 22:34:21,801] 84 root - INFO - Model saved \u2192 models\model_airtime.pkl
[2026-06-10 22:34:21,948] 84 root - INFO - Model saved \u2192 models\model_withdrawal.pkl
[2026-06-10 22:34:27,857] 1025 httpx - INFO - HTTP Request: POST https://raymaznrtwdqqazipgat.supabase.co/storage/v1/object/models/ace4781f-5863-41e1-b155-bad0f55b1805/XGBoost.joblib "HTTP/2 200 OK"
[2026-06-10 22:34:28,682] 1025 httpx - INFO - HTTP Request: GET https://raymaznrtwdqqazipgat.supabase.co/storage/v1/object/models/ace4781f-5863-41e1-b155-bad0f55b1805/XGBoost.joblib "HTTP/2 200 OK"
[2026-06-10 22:34:28,890] 11 root - INFO - Error capture successful!
