[2026-06-10 22:40:56,218] 1025 httpx - INFO - HTTP Request: GET https://raymaznrtwdqqazipgat.supabase.co/auth/v1/user "HTTP/1.1 200 OK"
[2026-06-10 22:40:56,222] 28 root - INFO - Entered data ingestion method
[2026-06-10 22:40:56,396] 50 root - INFO - Data parsing successful
[2026-06-10 22:40:56,488] 55 root - INFO - Data Ingestion complete!
[2026-06-10 22:40:56,497] 190 root - INFO - Entered data transformation object
[2026-06-10 22:40:56,706] 202 root - INFO - Data parsing complete
[2026-06-10 22:40:56,754] 58 root - INFO - Pipeline parsing complete
[2026-06-10 22:40:58,361] 1025 httpx - INFO - HTTP Request: POST https://raymaznrtwdqqazipgat.supabase.co/rest/v1/transactions?on_conflict=transaction_id&columns=%22body%22%2C%22number%22%2C%22name%22%2C%22timestamp%22%2C%22txn_type%22%2C%22user_id%22%2C%22transaction_id%22%2C%22balance%22%2C%22amount%22 "HTTP/2 200 OK"
[2026-06-10 22:40:59,121] 1025 httpx - INFO - HTTP Request: GET https://raymaznrtwdqqazipgat.supabase.co/rest/v1/transactions?select=%2A&user_id=eq.ace4781f-5863-41e1-b155-bad0f55b1805 "HTTP/2 200 OK"
[2026-06-10 22:40:59,448] 29 root - INFO - Entered model training object
[2026-06-10 22:40:59,449] 59 root - INFO - Entered feature engineering object
[2026-06-10 22:40:59,449] 22 root - INFO - Data pivoting started
[2026-06-10 22:40:59,481] 51 root - INFO - Data pivoting complete
[2026-06-10 22:40:59,505] 99 root - INFO - Feature engineerig complete
[2026-06-10 22:40:59,524] 99 root - INFO - Feature engineerig complete
[2026-06-10 22:40:59,548] 99 root - INFO - Feature engineerig complete
[2026-06-10 22:40:59,572] 99 root - INFO - Feature engineerig complete
[2026-06-10 22:40:59,593] 99 root - INFO - Feature engineerig complete
[2026-06-10 22:40:59,616] 99 root - INFO - Feature engineerig complete
[2026-06-10 22:40:59,692] 84 root - INFO - Model saved \u2192 models\model_money_sent.pkl
[2026-06-10 22:40:59,838] 84 root - INFO - Model saved \u2192 models\model_paybill_payment.pkl
[2026-06-10 22:40:59,957] 84 root - INFO - Model saved \u2192 models\model_till_payment.pkl
[2026-06-10 22:41:00,165] 84 root - INFO - Model saved \u2192 models\model_pochi_payment.pkl
[2026-06-10 22:41:00,293] 84 root - INFO - Model saved \u2192 models\model_airtime.pkl
[2026-06-10 22:41:00,435] 84 root - INFO - Model saved \u2192 models\model_withdrawal.pkl
[2026-06-10 22:41:02,496] 1025 httpx - INFO - HTTP Request: POST https://raymaznrtwdqqazipgat.supabase.co/storage/v1/object/models/ace4781f-5863-41e1-b155-bad0f55b1805/XGBoost.joblib "HTTP/2 200 OK"
[2026-06-10 22:41:03,052] 1025 httpx - INFO - HTTP Request: GET https://raymaznrtwdqqazipgat.supabase.co/storage/v1/object/models/ace4781f-5863-41e1-b155-bad0f55b1805/XGBoost.joblib "HTTP/2 200 OK"
[2026-06-10 22:41:03,335] 25 root - INFO - Initiated report generation
[2026-06-10 22:41:03,368] 62 root - INFO - Report successfully generated
[2026-06-10 22:41:03,478] 59 root - INFO - Entered feature engineering object
[2026-06-10 22:41:03,479] 22 root - INFO - Data pivoting started
[2026-06-10 22:41:03,524] 51 root - INFO - Data pivoting complete
[2026-06-10 22:41:03,554] 99 root - INFO - Feature engineerig complete
[2026-06-10 22:41:03,583] 99 root - INFO - Feature engineerig complete
[2026-06-10 22:41:03,606] 99 root - INFO - Feature engineerig complete
[2026-06-10 22:41:03,624] 99 root - INFO - Feature engineerig complete
[2026-06-10 22:41:03,642] 99 root - INFO - Feature engineerig complete
[2026-06-10 22:41:03,660] 99 root - INFO - Feature engineerig complete
[2026-06-10 22:41:03,663] 11 root - INFO - Error capture successful!
[2026-06-10 22:41:03,663] 11 root - INFO - Error capture successful!
