[2026-06-10 23:10:21,911] 1025 httpx - INFO - HTTP Request: GET https://raymaznrtwdqqazipgat.supabase.co/auth/v1/user "HTTP/1.1 200 OK"
[2026-06-10 23:10:21,915] 28 root - INFO - Entered data ingestion method
[2026-06-10 23:10:22,081] 50 root - INFO - Data parsing successful
[2026-06-10 23:10:22,157] 55 root - INFO - Data Ingestion complete!
[2026-06-10 23:10:22,161] 190 root - INFO - Entered data transformation object
[2026-06-10 23:10:22,323] 202 root - INFO - Data parsing complete
[2026-06-10 23:10:22,375] 58 root - INFO - Pipeline parsing complete
[2026-06-10 23:10:23,823] 1025 httpx - INFO - HTTP Request: POST https://raymaznrtwdqqazipgat.supabase.co/storage/v1/object/list/models "HTTP/2 200 OK"
[2026-06-10 23:10:26,258] 1025 httpx - INFO - HTTP Request: POST https://raymaznrtwdqqazipgat.supabase.co/rest/v1/transactions?on_conflict=transaction_id&columns=%22transaction_id%22%2C%22txn_type%22%2C%22body%22%2C%22amount%22%2C%22user_id%22%2C%22timestamp%22%2C%22balance%22%2C%22number%22%2C%22name%22 "HTTP/2 200 OK"
[2026-06-10 23:10:27,032] 1025 httpx - INFO - HTTP Request: GET https://raymaznrtwdqqazipgat.supabase.co/rest/v1/transactions?select=%2A&user_id=eq.ace4781f-5863-41e1-b155-bad0f55b1805 "HTTP/2 200 OK"
[2026-06-10 23:10:27,307] 29 root - INFO - Entered model training object
[2026-06-10 23:10:27,307] 59 root - INFO - Entered feature engineering object
[2026-06-10 23:10:27,308] 22 root - INFO - Data pivoting started
[2026-06-10 23:10:27,328] 51 root - INFO - Data pivoting complete
[2026-06-10 23:10:27,342] 99 root - INFO - Feature engineerig complete
[2026-06-10 23:10:27,354] 99 root - INFO - Feature engineerig complete
[2026-06-10 23:10:27,367] 99 root - INFO - Feature engineerig complete
[2026-06-10 23:10:27,380] 99 root - INFO - Feature engineerig complete
[2026-06-10 23:10:27,392] 99 root - INFO - Feature engineerig complete
[2026-06-10 23:10:27,403] 99 root - INFO - Feature engineerig complete
[2026-06-10 23:10:27,475] 84 root - INFO - Model saved \u2192 models\model_money_sent.pkl
[2026-06-10 23:10:27,678] 84 root - INFO - Model saved \u2192 models\model_paybill_payment.pkl
[2026-06-10 23:10:27,793] 84 root - INFO - Model saved \u2192 models\model_till_payment.pkl
[2026-06-10 23:10:27,900] 84 root - INFO - Model saved \u2192 models\model_pochi_payment.pkl
[2026-06-10 23:10:27,998] 84 root - INFO - Model saved \u2192 models\model_airtime.pkl
[2026-06-10 23:10:28,134] 84 root - INFO - Model saved \u2192 models\model_withdrawal.pkl
[2026-06-10 23:10:28,136] 25 root - INFO - Initiated report generation
[2026-06-10 23:10:28,148] 62 root - INFO - Report successfully generated
[2026-06-10 23:10:28,175] 59 root - INFO - Entered feature engineering object
[2026-06-10 23:10:28,175] 22 root - INFO - Data pivoting started
[2026-06-10 23:10:28,189] 51 root - INFO - Data pivoting complete
[2026-06-10 23:10:28,201] 99 root - INFO - Feature engineerig complete
[2026-06-10 23:10:28,213] 99 root - INFO - Feature engineerig complete
[2026-06-10 23:10:28,225] 99 root - INFO - Feature engineerig complete
[2026-06-10 23:10:28,239] 99 root - INFO - Feature engineerig complete
[2026-06-10 23:10:28,255] 99 root - INFO - Feature engineerig complete
[2026-06-10 23:10:28,267] 99 root - INFO - Feature engineerig complete
[2026-06-10 23:10:28,754] 1025 httpx - INFO - HTTP Request: GET https://raymaznrtwdqqazipgat.supabase.co/storage/v1/object/models/ace4781f-5863-41e1-b155-bad0f55b1805/money_sent.joblib "HTTP/2 400 Bad Request"
[2026-06-10 23:10:28,770] 11 root - INFO - Error capture successful!
[2026-06-10 23:10:28,770] 11 root - INFO - Error capture successful!
