[2026-06-10 23:53:59,903] 1025 httpx - INFO - HTTP Request: GET https://raymaznrtwdqqazipgat.supabase.co/auth/v1/user "HTTP/1.1 200 OK"
[2026-06-10 23:53:59,907] 28 root - INFO - Entered data ingestion method
[2026-06-10 23:54:00,096] 50 root - INFO - Data parsing successful
[2026-06-10 23:54:00,149] 55 root - INFO - Data Ingestion complete!
[2026-06-10 23:54:00,152] 190 root - INFO - Entered data transformation object
[2026-06-10 23:54:00,314] 202 root - INFO - Data parsing complete
[2026-06-10 23:54:00,362] 72 root - INFO - Pipeline parsing complete
[2026-06-10 23:54:02,874] 1025 httpx - INFO - HTTP Request: POST https://raymaznrtwdqqazipgat.supabase.co/rest/v1/transactions?on_conflict=transaction_id&columns=%22amount%22%2C%22user_id%22%2C%22txn_type%22%2C%22number%22%2C%22transaction_id%22%2C%22timestamp%22%2C%22balance%22%2C%22body%22%2C%22name%22 "HTTP/2 200 OK"
[2026-06-10 23:54:03,900] 1025 httpx - INFO - HTTP Request: GET https://raymaznrtwdqqazipgat.supabase.co/rest/v1/transactions?select=%2A&user_id=eq.ace4781f-5863-41e1-b155-bad0f55b1805 "HTTP/2 200 OK"
[2026-06-10 23:54:04,067] 30 root - INFO - Entered model training object
[2026-06-10 23:54:04,067] 59 root - INFO - Entered feature engineering object
[2026-06-10 23:54:04,067] 22 root - INFO - Data pivoting started
[2026-06-10 23:54:04,090] 51 root - INFO - Data pivoting complete
[2026-06-10 23:54:04,106] 99 root - INFO - Feature engineerig complete
[2026-06-10 23:54:04,122] 99 root - INFO - Feature engineerig complete
[2026-06-10 23:54:04,138] 99 root - INFO - Feature engineerig complete
[2026-06-10 23:54:04,154] 99 root - INFO - Feature engineerig complete
[2026-06-10 23:54:04,173] 99 root - INFO - Feature engineerig complete
[2026-06-10 23:54:04,186] 99 root - INFO - Feature engineerig complete
[2026-06-10 23:54:05,399] 1025 httpx - INFO - HTTP Request: POST https://raymaznrtwdqqazipgat.supabase.co/storage/v1/object/models/ace4781f-5863-41e1-b155-bad0f55b1805/money_sent.joblib "HTTP/2 200 OK"
[2026-06-10 23:54:05,399] 82 root - INFO - Models saved to DB
[2026-06-10 23:54:07,272] 1025 httpx - INFO - HTTP Request: POST https://raymaznrtwdqqazipgat.supabase.co/storage/v1/object/models/ace4781f-5863-41e1-b155-bad0f55b1805/paybill_payment.joblib "HTTP/2 200 OK"
[2026-06-10 23:54:07,274] 82 root - INFO - Models saved to DB
[2026-06-10 23:54:08,710] 1025 httpx - INFO - HTTP Request: POST https://raymaznrtwdqqazipgat.supabase.co/storage/v1/object/models/ace4781f-5863-41e1-b155-bad0f55b1805/till_payment.joblib "HTTP/2 200 OK"
[2026-06-10 23:54:08,711] 82 root - INFO - Models saved to DB
[2026-06-10 23:54:10,769] 1025 httpx - INFO - HTTP Request: POST https://raymaznrtwdqqazipgat.supabase.co/storage/v1/object/models/ace4781f-5863-41e1-b155-bad0f55b1805/pochi_payment.joblib "HTTP/2 200 OK"
[2026-06-10 23:54:10,771] 82 root - INFO - Models saved to DB
[2026-06-10 23:54:12,084] 1025 httpx - INFO - HTTP Request: POST https://raymaznrtwdqqazipgat.supabase.co/storage/v1/object/models/ace4781f-5863-41e1-b155-bad0f55b1805/airtime.joblib "HTTP/2 200 OK"
[2026-06-10 23:54:12,086] 82 root - INFO - Models saved to DB
[2026-06-10 23:54:14,347] 1025 httpx - INFO - HTTP Request: POST https://raymaznrtwdqqazipgat.supabase.co/storage/v1/object/models/ace4781f-5863-41e1-b155-bad0f55b1805/withdrawal.joblib "HTTP/2 200 OK"
[2026-06-10 23:54:14,349] 82 root - INFO - Models saved to DB
[2026-06-10 23:54:14,351] 25 root - INFO - Initiated report generation
[2026-06-10 23:54:14,364] 62 root - INFO - Report successfully generated
[2026-06-10 23:54:14,393] 59 root - INFO - Entered feature engineering object
[2026-06-10 23:54:14,393] 22 root - INFO - Data pivoting started
[2026-06-10 23:54:14,411] 51 root - INFO - Data pivoting complete
[2026-06-10 23:54:14,428] 99 root - INFO - Feature engineerig complete
[2026-06-10 23:54:14,444] 99 root - INFO - Feature engineerig complete
[2026-06-10 23:54:14,461] 99 root - INFO - Feature engineerig complete
[2026-06-10 23:54:14,477] 99 root - INFO - Feature engineerig complete
[2026-06-10 23:54:14,495] 99 root - INFO - Feature engineerig complete
[2026-06-10 23:54:14,518] 99 root - INFO - Feature engineerig complete
[2026-06-10 23:54:15,318] 1025 httpx - INFO - HTTP Request: GET https://raymaznrtwdqqazipgat.supabase.co/storage/v1/object/models/ace4781f-5863-41e1-b155-bad0f55b1805/money_sent.joblib "HTTP/2 200 OK"
[2026-06-10 23:54:16,477] 1025 httpx - INFO - HTTP Request: GET https://raymaznrtwdqqazipgat.supabase.co/storage/v1/object/models/ace4781f-5863-41e1-b155-bad0f55b1805/paybill_payment.joblib "HTTP/2 200 OK"
[2026-06-10 23:54:17,421] 1025 httpx - INFO - HTTP Request: GET https://raymaznrtwdqqazipgat.supabase.co/storage/v1/object/models/ace4781f-5863-41e1-b155-bad0f55b1805/till_payment.joblib "HTTP/2 200 OK"
[2026-06-10 23:54:19,116] 1025 httpx - INFO - HTTP Request: GET https://raymaznrtwdqqazipgat.supabase.co/storage/v1/object/models/ace4781f-5863-41e1-b155-bad0f55b1805/pochi_payment.joblib "HTTP/2 200 OK"
[2026-06-10 23:54:20,136] 1025 httpx - INFO - HTTP Request: GET https://raymaznrtwdqqazipgat.supabase.co/storage/v1/object/models/ace4781f-5863-41e1-b155-bad0f55b1805/airtime.joblib "HTTP/2 200 OK"
[2026-06-10 23:54:21,273] 1025 httpx - INFO - HTTP Request: GET https://raymaznrtwdqqazipgat.supabase.co/storage/v1/object/models/ace4781f-5863-41e1-b155-bad0f55b1805/withdrawal.joblib "HTTP/2 200 OK"
[2026-06-10 23:54:22,198] 1025 httpx - INFO - HTTP Request: GET https://raymaznrtwdqqazipgat.supabase.co/storage/v1/object/models/ace4781f-5863-41e1-b155-bad0f55b1805/money_sent.joblib "HTTP/2 200 OK"
[2026-06-10 23:54:24,506] 1025 httpx - INFO - HTTP Request: GET https://raymaznrtwdqqazipgat.supabase.co/storage/v1/object/models/ace4781f-5863-41e1-b155-bad0f55b1805/paybill_payment.joblib "HTTP/2 200 OK"
[2026-06-10 23:54:25,330] 1025 httpx - INFO - HTTP Request: GET https://raymaznrtwdqqazipgat.supabase.co/storage/v1/object/models/ace4781f-5863-41e1-b155-bad0f55b1805/till_payment.joblib "HTTP/2 200 OK"
[2026-06-10 23:54:26,695] 1025 httpx - INFO - HTTP Request: GET https://raymaznrtwdqqazipgat.supabase.co/storage/v1/object/models/ace4781f-5863-41e1-b155-bad0f55b1805/pochi_payment.joblib "HTTP/2 200 OK"
[2026-06-10 23:54:27,918] 1025 httpx - INFO - HTTP Request: GET https://raymaznrtwdqqazipgat.supabase.co/storage/v1/object/models/ace4781f-5863-41e1-b155-bad0f55b1805/airtime.joblib "HTTP/2 200 OK"
[2026-06-10 23:54:28,653] 1025 httpx - INFO - HTTP Request: GET https://raymaznrtwdqqazipgat.supabase.co/storage/v1/object/models/ace4781f-5863-41e1-b155-bad0f55b1805/withdrawal.joblib "HTTP/2 200 OK"
[2026-06-10 23:54:29,503] 1025 httpx - INFO - HTTP Request: GET https://raymaznrtwdqqazipgat.supabase.co/storage/v1/object/models/ace4781f-5863-41e1-b155-bad0f55b1805/money_sent.joblib "HTTP/2 200 OK"
[2026-06-10 23:54:30,116] 1025 httpx - INFO - HTTP Request: GET https://raymaznrtwdqqazipgat.supabase.co/storage/v1/object/models/ace4781f-5863-41e1-b155-bad0f55b1805/paybill_payment.joblib "HTTP/2 200 OK"
[2026-06-10 23:54:30,974] 1025 httpx - INFO - HTTP Request: GET https://raymaznrtwdqqazipgat.supabase.co/storage/v1/object/models/ace4781f-5863-41e1-b155-bad0f55b1805/till_payment.joblib "HTTP/2 200 OK"
[2026-06-10 23:54:31,780] 1025 httpx - INFO - HTTP Request: GET https://raymaznrtwdqqazipgat.supabase.co/storage/v1/object/models/ace4781f-5863-41e1-b155-bad0f55b1805/pochi_payment.joblib "HTTP/2 200 OK"
[2026-06-10 23:54:32,573] 1025 httpx - INFO - HTTP Request: GET https://raymaznrtwdqqazipgat.supabase.co/storage/v1/object/models/ace4781f-5863-41e1-b155-bad0f55b1805/airtime.joblib "HTTP/2 200 OK"
[2026-06-10 23:54:33,390] 1025 httpx - INFO - HTTP Request: GET https://raymaznrtwdqqazipgat.supabase.co/storage/v1/object/models/ace4781f-5863-41e1-b155-bad0f55b1805/withdrawal.joblib "HTTP/2 200 OK"
[2026-06-10 23:54:33,975] 1025 httpx - INFO - HTTP Request: GET https://raymaznrtwdqqazipgat.supabase.co/storage/v1/object/models/ace4781f-5863-41e1-b155-bad0f55b1805/money_sent.joblib "HTTP/2 200 OK"
[2026-06-10 23:54:34,371] 1025 httpx - INFO - HTTP Request: GET https://raymaznrtwdqqazipgat.supabase.co/storage/v1/object/models/ace4781f-5863-41e1-b155-bad0f55b1805/paybill_payment.joblib "HTTP/2 200 OK"
[2026-06-10 23:54:35,077] 1025 httpx - INFO - HTTP Request: GET https://raymaznrtwdqqazipgat.supabase.co/storage/v1/object/models/ace4781f-5863-41e1-b155-bad0f55b1805/till_payment.joblib "HTTP/2 200 OK"
[2026-06-10 23:54:35,626] 1025 httpx - INFO - HTTP Request: GET https://raymaznrtwdqqazipgat.supabase.co/storage/v1/object/models/ace4781f-5863-41e1-b155-bad0f55b1805/pochi_payment.joblib "HTTP/2 200 OK"
[2026-06-10 23:54:36,134] 1025 httpx - INFO - HTTP Request: GET https://raymaznrtwdqqazipgat.supabase.co/storage/v1/object/models/ace4781f-5863-41e1-b155-bad0f55b1805/airtime.joblib "HTTP/2 200 OK"
[2026-06-10 23:54:36,774] 1025 httpx - INFO - HTTP Request: GET https://raymaznrtwdqqazipgat.supabase.co/storage/v1/object/models/ace4781f-5863-41e1-b155-bad0f55b1805/withdrawal.joblib "HTTP/2 200 OK"
[2026-06-10 23:54:37,288] 1025 httpx - INFO - HTTP Request: GET https://raymaznrtwdqqazipgat.supabase.co/storage/v1/object/models/ace4781f-5863-41e1-b155-bad0f55b1805/money_sent.joblib "HTTP/2 200 OK"
[2026-06-10 23:54:37,805] 1025 httpx - INFO - HTTP Request: GET https://raymaznrtwdqqazipgat.supabase.co/storage/v1/object/models/ace4781f-5863-41e1-b155-bad0f55b1805/paybill_payment.joblib "HTTP/2 200 OK"
[2026-06-10 23:54:38,152] 1025 httpx - INFO - HTTP Request: GET https://raymaznrtwdqqazipgat.supabase.co/storage/v1/object/models/ace4781f-5863-41e1-b155-bad0f55b1805/till_payment.joblib "HTTP/2 200 OK"
[2026-06-10 23:54:39,021] 1025 httpx - INFO - HTTP Request: GET https://raymaznrtwdqqazipgat.supabase.co/storage/v1/object/models/ace4781f-5863-41e1-b155-bad0f55b1805/pochi_payment.joblib "HTTP/2 200 OK"
[2026-06-10 23:54:39,525] 1025 httpx - INFO - HTTP Request: GET https://raymaznrtwdqqazipgat.supabase.co/storage/v1/object/models/ace4781f-5863-41e1-b155-bad0f55b1805/airtime.joblib "HTTP/2 200 OK"
[2026-06-10 23:54:40,146] 1025 httpx - INFO - HTTP Request: GET https://raymaznrtwdqqazipgat.supabase.co/storage/v1/object/models/ace4781f-5863-41e1-b155-bad0f55b1805/withdrawal.joblib "HTTP/2 200 OK"
[2026-06-10 23:54:40,644] 1025 httpx - INFO - HTTP Request: GET https://raymaznrtwdqqazipgat.supabase.co/storage/v1/object/models/ace4781f-5863-41e1-b155-bad0f55b1805/money_sent.joblib "HTTP/2 200 OK"
[2026-06-10 23:54:41,076] 1025 httpx - INFO - HTTP Request: GET https://raymaznrtwdqqazipgat.supabase.co/storage/v1/object/models/ace4781f-5863-41e1-b155-bad0f55b1805/paybill_payment.joblib "HTTP/2 200 OK"
[2026-06-10 23:54:41,391] 1025 httpx - INFO - HTTP Request: GET https://raymaznrtwdqqazipgat.supabase.co/storage/v1/object/models/ace4781f-5863-41e1-b155-bad0f55b1805/till_payment.joblib "HTTP/2 200 OK"
[2026-06-10 23:54:41,784] 1025 httpx - INFO - HTTP Request: GET https://raymaznrtwdqqazipgat.supabase.co/storage/v1/object/models/ace4781f-5863-41e1-b155-bad0f55b1805/pochi_payment.joblib "HTTP/2 200 OK"
[2026-06-10 23:54:42,096] 1025 httpx - INFO - HTTP Request: GET https://raymaznrtwdqqazipgat.supabase.co/storage/v1/object/models/ace4781f-5863-41e1-b155-bad0f55b1805/airtime.joblib "HTTP/2 200 OK"
[2026-06-10 23:54:42,397] 1025 httpx - INFO - HTTP Request: GET https://raymaznrtwdqqazipgat.supabase.co/storage/v1/object/models/ace4781f-5863-41e1-b155-bad0f55b1805/withdrawal.joblib "HTTP/2 200 OK"
[2026-06-10 23:54:42,567] 173 root - INFO - Predictions complete
[2026-06-10 23:54:42,929] 1025 httpx - INFO - HTTP Request: POST https://raymaznrtwdqqazipgat.supabase.co/rest/v1/reports?on_conflict=user_id "HTTP/2 201 Created"
[2026-06-12 19:18:24,661] 1025 httpx - INFO - HTTP Request: GET https://raymaznrtwdqqazipgat.supabase.co/auth/v1/user "HTTP/1.1 403 Forbidden"
[2026-06-12 19:18:43,453] 1025 httpx - INFO - HTTP Request: POST https://raymaznrtwdqqazipgat.supabase.co/auth/v1/token?grant_type=password "HTTP/2 200 OK"
[2026-06-12 19:19:13,568] 1025 httpx - INFO - HTTP Request: GET https://raymaznrtwdqqazipgat.supabase.co/auth/v1/user "HTTP/1.1 200 OK"
[2026-06-12 19:19:14,371] 1025 httpx - INFO - HTTP Request: GET https://raymaznrtwdqqazipgat.supabase.co/rest/v1/reports?select=reports%2Cprediction%2Cgenerated_at&user_id=eq.ace4781f-5863-41e1-b155-bad0f55b1805 "HTTP/2 400 Bad Request"
