[2026-06-10 23:03:57,592] 1025 httpx - INFO - HTTP Request: GET https://raymaznrtwdqqazipgat.supabase.co/auth/v1/user "HTTP/1.1 200 OK"
[2026-06-10 23:03:57,601] 28 root - INFO - Entered data ingestion method
[2026-06-10 23:03:57,799] 50 root - INFO - Data parsing successful
[2026-06-10 23:03:57,893] 55 root - INFO - Data Ingestion complete!
[2026-06-10 23:03:57,895] 190 root - INFO - Entered data transformation object
[2026-06-10 23:03:58,127] 202 root - INFO - Data parsing complete
[2026-06-10 23:03:58,177] 58 root - INFO - Pipeline parsing complete
[2026-06-10 23:04:01,405] 1025 httpx - INFO - HTTP Request: POST https://raymaznrtwdqqazipgat.supabase.co/rest/v1/transactions?on_conflict=transaction_id&columns=%22txn_type%22%2C%22user_id%22%2C%22timestamp%22%2C%22name%22%2C%22body%22%2C%22number%22%2C%22transaction_id%22%2C%22amount%22%2C%22balance%22 "HTTP/2 200 OK"
[2026-06-10 23:04:02,615] 1025 httpx - INFO - HTTP Request: GET https://raymaznrtwdqqazipgat.supabase.co/rest/v1/transactions?select=%2A&user_id=eq.ace4781f-5863-41e1-b155-bad0f55b1805 "HTTP/2 200 OK"
[2026-06-10 23:04:03,065] 29 root - INFO - Entered model training object
[2026-06-10 23:04:03,066] 59 root - INFO - Entered feature engineering object
[2026-06-10 23:04:03,066] 22 root - INFO - Data pivoting started
[2026-06-10 23:04:03,106] 51 root - INFO - Data pivoting complete
[2026-06-10 23:04:03,128] 99 root - INFO - Feature engineerig complete
[2026-06-10 23:04:03,150] 99 root - INFO - Feature engineerig complete
[2026-06-10 23:04:03,164] 99 root - INFO - Feature engineerig complete
[2026-06-10 23:04:03,181] 99 root - INFO - Feature engineerig complete
[2026-06-10 23:04:03,197] 99 root - INFO - Feature engineerig complete
[2026-06-10 23:04:03,215] 99 root - INFO - Feature engineerig complete
[2026-06-10 23:04:03,429] 84 root - INFO - Model saved \u2192 models\model_money_sent.pkl
[2026-06-10 23:04:04,892] 84 root - INFO - Model saved \u2192 models\model_paybill_payment.pkl
[2026-06-10 23:04:05,246] 84 root - INFO - Model saved \u2192 models\model_till_payment.pkl
[2026-06-10 23:04:05,357] 84 root - INFO - Model saved \u2192 models\model_pochi_payment.pkl
[2026-06-10 23:04:05,485] 84 root - INFO - Model saved \u2192 models\model_airtime.pkl
[2026-06-10 23:04:05,596] 84 root - INFO - Model saved \u2192 models\model_withdrawal.pkl
[2026-06-10 23:04:05,597] 25 root - INFO - Initiated report generation
[2026-06-10 23:04:05,609] 62 root - INFO - Report successfully generated
[2026-06-10 23:04:05,634] 59 root - INFO - Entered feature engineering object
[2026-06-10 23:04:05,635] 22 root - INFO - Data pivoting started
[2026-06-10 23:04:05,653] 51 root - INFO - Data pivoting complete
[2026-06-10 23:04:05,666] 99 root - INFO - Feature engineerig complete
[2026-06-10 23:04:05,682] 99 root - INFO - Feature engineerig complete
[2026-06-10 23:04:05,698] 99 root - INFO - Feature engineerig complete
[2026-06-10 23:04:05,714] 99 root - INFO - Feature engineerig complete
[2026-06-10 23:04:05,727] 99 root - INFO - Feature engineerig complete
[2026-06-10 23:04:05,740] 99 root - INFO - Feature engineerig complete
[2026-06-10 23:04:06,729] 1025 httpx - INFO - HTTP Request: GET https://raymaznrtwdqqazipgat.supabase.co/storage/v1/object/models/ace4781f-5863-41e1-b155-bad0f55b1805/money_sent.joblib "HTTP/2 400 Bad Request"
[2026-06-10 23:04:07,482] 11 root - INFO - Error capture successful!
[2026-06-10 23:04:07,483] 11 root - INFO - Error capture successful!
