[2026-05-29 16:29:14,529] 27 root - INFO - Entered data ingestion method
[2026-05-29 16:29:14,806] 49 root - INFO - Data parsing successful
[2026-05-29 16:29:14,886] 54 root - INFO - Data Ingestion complete!
[2026-05-29 16:29:14,892] 181 root - INFO - Entered data transformation object
[2026-05-29 16:29:14,993] 25 root - INFO - Match heuristic business names to paybill payments
[2026-05-29 16:29:14,993] 25 root - INFO - Match heuristic business names to paybill payments
[2026-05-29 16:29:14,993] 25 root - INFO - Match heuristic business names to paybill payments
[2026-05-29 16:29:14,993] 25 root - INFO - Match heuristic business names to paybill payments
[2026-05-29 16:29:15,007] 25 root - INFO - Match heuristic business names to paybill payments
[2026-05-29 16:29:15,007] 25 root - INFO - Match heuristic business names to paybill payments
[2026-05-29 16:29:15,009] 25 root - INFO - Match heuristic business names to paybill payments
[2026-05-29 16:29:15,009] 25 root - INFO - Match heuristic business names to paybill payments
[2026-05-29 16:29:15,009] 25 root - INFO - Match heuristic business names to paybill payments
[2026-05-29 16:29:15,009] 25 root - INFO - Match heuristic business names to paybill payments
[2026-05-29 16:29:15,009] 25 root - INFO - Match heuristic business names to paybill payments
[2026-05-29 16:29:15,009] 25 root - INFO - Match heuristic business names to paybill payments
[2026-05-29 16:29:15,009] 25 root - INFO - Match heuristic business names to paybill payments
[2026-05-29 16:29:15,009] 25 root - INFO - Match heuristic business names to paybill payments
[2026-05-29 16:29:15,009] 25 root - INFO - Match heuristic business names to paybill payments
[2026-05-29 16:29:15,009] 25 root - INFO - Match heuristic business names to paybill payments
[2026-05-29 16:29:15,009] 25 root - INFO - Match heuristic business names to paybill payments
[2026-05-29 16:29:15,013] 25 root - INFO - Match heuristic business names to paybill payments
[2026-05-29 16:29:15,013] 25 root - INFO - Match heuristic business names to paybill payments
[2026-05-29 16:29:15,013] 25 root - INFO - Match heuristic business names to paybill payments
[2026-05-29 16:29:15,013] 25 root - INFO - Match heuristic business names to paybill payments
[2026-05-29 16:29:15,013] 25 root - INFO - Match heuristic business names to paybill payments
[2026-05-29 16:29:15,013] 25 root - INFO - Match heuristic business names to paybill payments
[2026-05-29 16:29:15,015] 25 root - INFO - Match heuristic business names to paybill payments
[2026-05-29 16:29:15,015] 25 root - INFO - Match heuristic business names to paybill payments
[2026-05-29 16:29:15,015] 25 root - INFO - Match heuristic business names to paybill payments
[2026-05-29 16:29:15,015] 25 root - INFO - Match heuristic business names to paybill payments
[2026-05-29 16:29:15,015] 25 root - INFO - Match heuristic business names to paybill payments
[2026-05-29 16:29:15,015] 25 root - INFO - Match heuristic business names to paybill payments
[2026-05-29 16:29:15,015] 25 root - INFO - Match heuristic business names to paybill payments
[2026-05-29 16:29:15,017] 25 root - INFO - Match heuristic business names to paybill payments
[2026-05-29 16:29:15,017] 25 root - INFO - Match heuristic business names to paybill payments
[2026-05-29 16:29:15,017] 25 root - INFO - Match heuristic business names to paybill payments
[2026-05-29 16:29:15,017] 25 root - INFO - Match heuristic business names to paybill payments
[2026-05-29 16:29:15,017] 25 root - INFO - Match heuristic business names to paybill payments
[2026-05-29 16:29:15,017] 25 root - INFO - Match heuristic business names to paybill payments
[2026-05-29 16:29:15,017] 25 root - INFO - Match heuristic business names to paybill payments
[2026-05-29 16:29:15,017] 25 root - INFO - Match heuristic business names to paybill payments
[2026-05-29 16:29:15,019] 25 root - INFO - Match heuristic business names to paybill payments
[2026-05-29 16:29:15,019] 25 root - INFO - Match heuristic business names to paybill payments
[2026-05-29 16:29:15,019] 25 root - INFO - Match heuristic business names to paybill payments
[2026-05-29 16:29:15,019] 25 root - INFO - Match heuristic business names to paybill payments
[2026-05-29 16:29:15,021] 25 root - INFO - Match heuristic business names to paybill payments
[2026-05-29 16:29:15,021] 25 root - INFO - Match heuristic business names to paybill payments
[2026-05-29 16:29:15,021] 25 root - INFO - Match heuristic business names to paybill payments
[2026-05-29 16:29:15,021] 25 root - INFO - Match heuristic business names to paybill payments
[2026-05-29 16:29:15,021] 25 root - INFO - Match heuristic business names to paybill payments
[2026-05-29 16:29:15,023] 25 root - INFO - Match heuristic business names to paybill payments
[2026-05-29 16:29:15,023] 25 root - INFO - Match heuristic business names to paybill payments
[2026-05-29 16:29:15,023] 25 root - INFO - Match heuristic business names to paybill payments
[2026-05-29 16:29:15,023] 25 root - INFO - Match heuristic business names to paybill payments
[2026-05-29 16:29:15,025] 25 root - INFO - Match heuristic business names to paybill payments
[2026-05-29 16:29:15,025] 25 root - INFO - Match heuristic business names to paybill payments
[2026-05-29 16:29:15,025] 25 root - INFO - Match heuristic business names to paybill payments
[2026-05-29 16:29:15,025] 25 root - INFO - Match heuristic business names to paybill payments
[2026-05-29 16:29:15,025] 25 root - INFO - Match heuristic business names to paybill payments
[2026-05-29 16:29:15,027] 25 root - INFO - Match heuristic business names to paybill payments
[2026-05-29 16:29:15,027] 25 root - INFO - Match heuristic business names to paybill payments
[2026-05-29 16:29:15,027] 25 root - INFO - Match heuristic business names to paybill payments
[2026-05-29 16:29:15,027] 25 root - INFO - Match heuristic business names to paybill payments
[2026-05-29 16:29:15,027] 25 root - INFO - Match heuristic business names to paybill payments
[2026-05-29 16:29:15,027] 25 root - INFO - Match heuristic business names to paybill payments
[2026-05-29 16:29:15,027] 25 root - INFO - Match heuristic business names to paybill payments
[2026-05-29 16:29:15,027] 25 root - INFO - Match heuristic business names to paybill payments
[2026-05-29 16:29:15,027] 25 root - INFO - Match heuristic business names to paybill payments
[2026-05-29 16:29:15,027] 25 root - INFO - Match heuristic business names to paybill payments
[2026-05-29 16:29:15,030] 25 root - INFO - Match heuristic business names to paybill payments
[2026-05-29 16:29:15,030] 25 root - INFO - Match heuristic business names to paybill payments
[2026-05-29 16:29:15,030] 25 root - INFO - Match heuristic business names to paybill payments
[2026-05-29 16:29:15,032] 25 root - INFO - Match heuristic business names to paybill payments
[2026-05-29 16:29:15,032] 25 root - INFO - Match heuristic business names to paybill payments
[2026-05-29 16:29:15,032] 25 root - INFO - Match heuristic business names to paybill payments
[2026-05-29 16:29:15,032] 25 root - INFO - Match heuristic business names to paybill payments
[2026-05-29 16:29:15,034] 25 root - INFO - Match heuristic business names to paybill payments
[2026-05-29 16:29:15,034] 25 root - INFO - Match heuristic business names to paybill payments
[2026-05-29 16:29:15,036] 25 root - INFO - Match heuristic business names to paybill payments
[2026-05-29 16:29:15,036] 25 root - INFO - Match heuristic business names to paybill payments
[2026-05-29 16:29:15,036] 25 root - INFO - Match heuristic business names to paybill payments
[2026-05-29 16:29:15,036] 25 root - INFO - Match heuristic business names to paybill payments
[2026-05-29 16:29:15,038] 25 root - INFO - Match heuristic business names to paybill payments
[2026-05-29 16:29:15,038] 25 root - INFO - Match heuristic business names to paybill payments
[2026-05-29 16:29:15,038] 25 root - INFO - Match heuristic business names to paybill payments
[2026-05-29 16:29:15,038] 25 root - INFO - Match heuristic business names to paybill payments
[2026-05-29 16:29:15,038] 25 root - INFO - Match heuristic business names to paybill payments
[2026-05-29 16:29:15,038] 25 root - INFO - Match heuristic business names to paybill payments
[2026-05-29 16:29:15,042] 25 root - INFO - Match heuristic business names to paybill payments
[2026-05-29 16:29:15,042] 25 root - INFO - Match heuristic business names to paybill payments
[2026-05-29 16:29:15,042] 25 root - INFO - Match heuristic business names to paybill payments
[2026-05-29 16:29:15,042] 25 root - INFO - Match heuristic business names to paybill payments
[2026-05-29 16:29:15,044] 25 root - INFO - Match heuristic business names to paybill payments
[2026-05-29 16:29:15,044] 25 root - INFO - Match heuristic business names to paybill payments
[2026-05-29 16:29:15,044] 25 root - INFO - Match heuristic business names to paybill payments
[2026-05-29 16:29:15,044] 25 root - INFO - Match heuristic business names to paybill payments
[2026-05-29 16:29:15,044] 25 root - INFO - Match heuristic business names to paybill payments
[2026-05-29 16:29:15,046] 25 root - INFO - Match heuristic business names to paybill payments
[2026-05-29 16:29:15,046] 25 root - INFO - Match heuristic business names to paybill payments
[2026-05-29 16:29:15,046] 25 root - INFO - Match heuristic business names to paybill payments
[2026-05-29 16:29:15,046] 25 root - INFO - Match heuristic business names to paybill payments
[2026-05-29 16:29:15,046] 25 root - INFO - Match heuristic business names to paybill payments
[2026-05-29 16:29:15,048] 25 root - INFO - Match heuristic business names to paybill payments
[2026-05-29 16:29:15,048] 25 root - INFO - Match heuristic business names to paybill payments
[2026-05-29 16:29:15,048] 25 root - INFO - Match heuristic business names to paybill payments
[2026-05-29 16:29:15,048] 25 root - INFO - Match heuristic business names to paybill payments
[2026-05-29 16:29:15,048] 25 root - INFO - Match heuristic business names to paybill payments
[2026-05-29 16:29:15,048] 25 root - INFO - Match heuristic business names to paybill payments
[2026-05-29 16:29:15,048] 25 root - INFO - Match heuristic business names to paybill payments
[2026-05-29 16:29:15,050] 25 root - INFO - Match heuristic business names to paybill payments
[2026-05-29 16:29:15,050] 25 root - INFO - Match heuristic business names to paybill payments
[2026-05-29 16:29:15,050] 25 root - INFO - Match heuristic business names to paybill payments
[2026-05-29 16:29:15,050] 25 root - INFO - Match heuristic business names to paybill payments
[2026-05-29 16:29:15,050] 25 root - INFO - Match heuristic business names to paybill payments
[2026-05-29 16:29:15,050] 25 root - INFO - Match heuristic business names to paybill payments
[2026-05-29 16:29:15,050] 25 root - INFO - Match heuristic business names to paybill payments
[2026-05-29 16:29:15,050] 25 root - INFO - Match heuristic business names to paybill payments
[2026-05-29 16:29:15,053] 25 root - INFO - Match heuristic business names to paybill payments
[2026-05-29 16:29:15,053] 25 root - INFO - Match heuristic business names to paybill payments
[2026-05-29 16:29:15,053] 25 root - INFO - Match heuristic business names to paybill payments
[2026-05-29 16:29:15,053] 25 root - INFO - Match heuristic business names to paybill payments
[2026-05-29 16:29:15,053] 25 root - INFO - Match heuristic business names to paybill payments
[2026-05-29 16:29:15,054] 25 root - INFO - Match heuristic business names to paybill payments
[2026-05-29 16:29:15,054] 25 root - INFO - Match heuristic business names to paybill payments
[2026-05-29 16:29:15,054] 25 root - INFO - Match heuristic business names to paybill payments
[2026-05-29 16:29:15,054] 25 root - INFO - Match heuristic business names to paybill payments
[2026-05-29 16:29:15,054] 25 root - INFO - Match heuristic business names to paybill payments
[2026-05-29 16:29:15,054] 25 root - INFO - Match heuristic business names to paybill payments
[2026-05-29 16:29:15,054] 25 root - INFO - Match heuristic business names to paybill payments
[2026-05-29 16:29:15,054] 25 root - INFO - Match heuristic business names to paybill payments
[2026-05-29 16:29:15,058] 25 root - INFO - Match heuristic business names to paybill payments
[2026-05-29 16:29:15,058] 25 root - INFO - Match heuristic business names to paybill payments
[2026-05-29 16:29:15,058] 25 root - INFO - Match heuristic business names to paybill payments
[2026-05-29 16:29:15,060] 25 root - INFO - Match heuristic business names to paybill payments
[2026-05-29 16:29:15,060] 25 root - INFO - Match heuristic business names to paybill payments
[2026-05-29 16:29:15,060] 25 root - INFO - Match heuristic business names to paybill payments
[2026-05-29 16:29:15,060] 25 root - INFO - Match heuristic business names to paybill payments
[2026-05-29 16:29:15,060] 25 root - INFO - Match heuristic business names to paybill payments
[2026-05-29 16:29:15,060] 25 root - INFO - Match heuristic business names to paybill payments
[2026-05-29 16:29:15,060] 25 root - INFO - Match heuristic business names to paybill payments
[2026-05-29 16:29:15,060] 25 root - INFO - Match heuristic business names to paybill payments
[2026-05-29 16:29:15,063] 25 root - INFO - Match heuristic business names to paybill payments
[2026-05-29 16:29:15,063] 25 root - INFO - Match heuristic business names to paybill payments
[2026-05-29 16:29:15,063] 25 root - INFO - Match heuristic business names to paybill payments
[2026-05-29 16:29:15,063] 25 root - INFO - Match heuristic business names to paybill payments
[2026-05-29 16:29:15,063] 25 root - INFO - Match heuristic business names to paybill payments
[2026-05-29 16:29:15,063] 25 root - INFO - Match heuristic business names to paybill payments
[2026-05-29 16:29:15,063] 25 root - INFO - Match heuristic business names to paybill payments
[2026-05-29 16:29:15,065] 25 root - INFO - Match heuristic business names to paybill payments
[2026-05-29 16:29:15,065] 25 root - INFO - Match heuristic business names to paybill payments
[2026-05-29 16:29:15,065] 25 root - INFO - Match heuristic business names to paybill payments
[2026-05-29 16:29:15,067] 25 root - INFO - Match heuristic business names to paybill payments
[2026-05-29 16:29:15,067] 25 root - INFO - Match heuristic business names to paybill payments
[2026-05-29 16:29:15,067] 25 root - INFO - Match heuristic business names to paybill payments
[2026-05-29 16:29:15,067] 25 root - INFO - Match heuristic business names to paybill payments
[2026-05-29 16:29:15,069] 25 root - INFO - Match heuristic business names to paybill payments
[2026-05-29 16:29:15,069] 25 root - INFO - Match heuristic business names to paybill payments
[2026-05-29 16:29:15,070] 25 root - INFO - Match heuristic business names to paybill payments
[2026-05-29 16:29:15,070] 25 root - INFO - Match heuristic business names to paybill payments
[2026-05-29 16:29:15,070] 25 root - INFO - Match heuristic business names to paybill payments
[2026-05-29 16:29:15,070] 25 root - INFO - Match heuristic business names to paybill payments
[2026-05-29 16:29:15,070] 25 root - INFO - Match heuristic business names to paybill payments
[2026-05-29 16:29:15,070] 25 root - INFO - Match heuristic business names to paybill payments
[2026-05-29 16:29:15,070] 25 root - INFO - Match heuristic business names to paybill payments
[2026-05-29 16:29:15,070] 25 root - INFO - Match heuristic business names to paybill payments
[2026-05-29 16:29:15,070] 25 root - INFO - Match heuristic business names to paybill payments
[2026-05-29 16:29:15,070] 25 root - INFO - Match heuristic business names to paybill payments
[2026-05-29 16:29:15,074] 25 root - INFO - Match heuristic business names to paybill payments
[2026-05-29 16:29:15,074] 25 root - INFO - Match heuristic business names to paybill payments
[2026-05-29 16:29:15,074] 25 root - INFO - Match heuristic business names to paybill payments
[2026-05-29 16:29:15,076] 25 root - INFO - Match heuristic business names to paybill payments
[2026-05-29 16:29:15,076] 25 root - INFO - Match heuristic business names to paybill payments
[2026-05-29 16:29:15,076] 25 root - INFO - Match heuristic business names to paybill payments
[2026-05-29 16:29:15,076] 25 root - INFO - Match heuristic business names to paybill payments
[2026-05-29 16:29:15,076] 25 root - INFO - Match heuristic business names to paybill payments
[2026-05-29 16:29:15,078] 25 root - INFO - Match heuristic business names to paybill payments
[2026-05-29 16:29:15,078] 25 root - INFO - Match heuristic business names to paybill payments
[2026-05-29 16:29:15,080] 25 root - INFO - Match heuristic business names to paybill payments
[2026-05-29 16:29:15,080] 25 root - INFO - Match heuristic business names to paybill payments
[2026-05-29 16:29:15,080] 25 root - INFO - Match heuristic business names to paybill payments
[2026-05-29 16:29:15,080] 25 root - INFO - Match heuristic business names to paybill payments
[2026-05-29 16:29:15,080] 25 root - INFO - Match heuristic business names to paybill payments
[2026-05-29 16:29:15,080] 25 root - INFO - Match heuristic business names to paybill payments
[2026-05-29 16:29:15,082] 25 root - INFO - Match heuristic business names to paybill payments
[2026-05-29 16:29:15,082] 25 root - INFO - Match heuristic business names to paybill payments
[2026-05-29 16:29:15,082] 25 root - INFO - Match heuristic business names to paybill payments
[2026-05-29 16:29:15,082] 25 root - INFO - Match heuristic business names to paybill payments
[2026-05-29 16:29:15,082] 25 root - INFO - Match heuristic business names to paybill payments
[2026-05-29 16:29:15,082] 25 root - INFO - Match heuristic business names to paybill payments
[2026-05-29 16:29:15,084] 25 root - INFO - Match heuristic business names to paybill payments
[2026-05-29 16:29:15,084] 25 root - INFO - Match heuristic business names to paybill payments
[2026-05-29 16:29:15,084] 25 root - INFO - Match heuristic business names to paybill payments
[2026-05-29 16:29:15,084] 25 root - INFO - Match heuristic business names to paybill payments
[2026-05-29 16:29:15,084] 25 root - INFO - Match heuristic business names to paybill payments
[2026-05-29 16:29:15,084] 25 root - INFO - Match heuristic business names to paybill payments
[2026-05-29 16:29:15,084] 25 root - INFO - Match heuristic business names to paybill payments
[2026-05-29 16:29:15,086] 25 root - INFO - Match heuristic business names to paybill payments
[2026-05-29 16:29:15,086] 25 root - INFO - Match heuristic business names to paybill payments
[2026-05-29 16:29:15,086] 25 root - INFO - Match heuristic business names to paybill payments
[2026-05-29 16:29:15,086] 25 root - INFO - Match heuristic business names to paybill payments
[2026-05-29 16:29:15,086] 25 root - INFO - Match heuristic business names to paybill payments
[2026-05-29 16:29:15,086] 25 root - INFO - Match heuristic business names to paybill payments
[2026-05-29 16:29:15,089] 25 root - INFO - Match heuristic business names to paybill payments
[2026-05-29 16:29:15,089] 25 root - INFO - Match heuristic business names to paybill payments
[2026-05-29 16:29:15,089] 25 root - INFO - Match heuristic business names to paybill payments
[2026-05-29 16:29:15,089] 25 root - INFO - Match heuristic business names to paybill payments
[2026-05-29 16:29:15,089] 25 root - INFO - Match heuristic business names to paybill payments
[2026-05-29 16:29:15,091] 25 root - INFO - Match heuristic business names to paybill payments
[2026-05-29 16:29:15,091] 25 root - INFO - Match heuristic business names to paybill payments
[2026-05-29 16:29:15,091] 25 root - INFO - Match heuristic business names to paybill payments
[2026-05-29 16:29:15,091] 25 root - INFO - Match heuristic business names to paybill payments
[2026-05-29 16:29:15,091] 25 root - INFO - Match heuristic business names to paybill payments
[2026-05-29 16:29:15,091] 25 root - INFO - Match heuristic business names to paybill payments
[2026-05-29 16:29:15,093] 25 root - INFO - Match heuristic business names to paybill payments
[2026-05-29 16:29:15,093] 25 root - INFO - Match heuristic business names to paybill payments
[2026-05-29 16:29:15,093] 25 root - INFO - Match heuristic business names to paybill payments
[2026-05-29 16:29:15,093] 25 root - INFO - Match heuristic business names to paybill payments
[2026-05-29 16:29:15,093] 25 root - INFO - Match heuristic business names to paybill payments
[2026-05-29 16:29:15,095] 25 root - INFO - Match heuristic business names to paybill payments
[2026-05-29 16:29:15,095] 25 root - INFO - Match heuristic business names to paybill payments
[2026-05-29 16:29:15,095] 25 root - INFO - Match heuristic business names to paybill payments
[2026-05-29 16:29:15,095] 25 root - INFO - Match heuristic business names to paybill payments
[2026-05-29 16:29:15,097] 25 root - INFO - Match heuristic business names to paybill payments
[2026-05-29 16:29:15,097] 25 root - INFO - Match heuristic business names to paybill payments
[2026-05-29 16:29:15,097] 25 root - INFO - Match heuristic business names to paybill payments
[2026-05-29 16:29:15,097] 25 root - INFO - Match heuristic business names to paybill payments
[2026-05-29 16:29:15,097] 25 root - INFO - Match heuristic business names to paybill payments
[2026-05-29 16:29:15,099] 25 root - INFO - Match heuristic business names to paybill payments
[2026-05-29 16:29:15,099] 25 root - INFO - Match heuristic business names to paybill payments
[2026-05-29 16:29:15,099] 25 root - INFO - Match heuristic business names to paybill payments
[2026-05-29 16:29:15,099] 25 root - INFO - Match heuristic business names to paybill payments
[2026-05-29 16:29:15,101] 25 root - INFO - Match heuristic business names to paybill payments
[2026-05-29 16:29:15,101] 25 root - INFO - Match heuristic business names to paybill payments
[2026-05-29 16:29:15,101] 25 root - INFO - Match heuristic business names to paybill payments
[2026-05-29 16:29:15,103] 25 root - INFO - Match heuristic business names to paybill payments
[2026-05-29 16:29:15,103] 25 root - INFO - Match heuristic business names to paybill payments
[2026-05-29 16:29:15,103] 25 root - INFO - Match heuristic business names to paybill payments
[2026-05-29 16:29:15,103] 25 root - INFO - Match heuristic business names to paybill payments
[2026-05-29 16:29:15,103] 25 root - INFO - Match heuristic business names to paybill payments
[2026-05-29 16:29:15,103] 25 root - INFO - Match heuristic business names to paybill payments
[2026-05-29 16:29:15,105] 25 root - INFO - Match heuristic business names to paybill payments
[2026-05-29 16:29:15,105] 25 root - INFO - Match heuristic business names to paybill payments
[2026-05-29 16:29:15,105] 25 root - INFO - Match heuristic business names to paybill payments
[2026-05-29 16:29:15,105] 25 root - INFO - Match heuristic business names to paybill payments
[2026-05-29 16:29:15,105] 25 root - INFO - Match heuristic business names to paybill payments
[2026-05-29 16:29:15,105] 25 root - INFO - Match heuristic business names to paybill payments
[2026-05-29 16:29:15,105] 25 root - INFO - Match heuristic business names to paybill payments
[2026-05-29 16:29:15,107] 25 root - INFO - Match heuristic business names to paybill payments
[2026-05-29 16:29:15,107] 25 root - INFO - Match heuristic business names to paybill payments
[2026-05-29 16:29:15,107] 25 root - INFO - Match heuristic business names to paybill payments
[2026-05-29 16:29:15,107] 25 root - INFO - Match heuristic business names to paybill payments
[2026-05-29 16:29:15,107] 25 root - INFO - Match heuristic business names to paybill payments
[2026-05-29 16:29:15,107] 25 root - INFO - Match heuristic business names to paybill payments
[2026-05-29 16:29:15,109] 25 root - INFO - Match heuristic business names to paybill payments
[2026-05-29 16:29:15,109] 25 root - INFO - Match heuristic business names to paybill payments
[2026-05-29 16:29:15,109] 25 root - INFO - Match heuristic business names to paybill payments
[2026-05-29 16:29:15,109] 25 root - INFO - Match heuristic business names to paybill payments
[2026-05-29 16:29:15,109] 25 root - INFO - Match heuristic business names to paybill payments
[2026-05-29 16:29:15,111] 25 root - INFO - Match heuristic business names to paybill payments
[2026-05-29 16:29:15,111] 25 root - INFO - Match heuristic business names to paybill payments
[2026-05-29 16:29:15,111] 25 root - INFO - Match heuristic business names to paybill payments
[2026-05-29 16:29:15,113] 25 root - INFO - Match heuristic business names to paybill payments
[2026-05-29 16:29:15,113] 25 root - INFO - Match heuristic business names to paybill payments
[2026-05-29 16:29:15,113] 25 root - INFO - Match heuristic business names to paybill payments
[2026-05-29 16:29:15,113] 25 root - INFO - Match heuristic business names to paybill payments
[2026-05-29 16:29:15,116] 25 root - INFO - Match heuristic business names to paybill payments
[2026-05-29 16:29:15,116] 25 root - INFO - Match heuristic business names to paybill payments
[2026-05-29 16:29:15,116] 25 root - INFO - Match heuristic business names to paybill payments
[2026-05-29 16:29:15,117] 25 root - INFO - Match heuristic business names to paybill payments
[2026-05-29 16:29:15,117] 25 root - INFO - Match heuristic business names to paybill payments
[2026-05-29 16:29:15,117] 25 root - INFO - Match heuristic business names to paybill payments
[2026-05-29 16:29:15,117] 25 root - INFO - Match heuristic business names to paybill payments
[2026-05-29 16:29:15,117] 25 root - INFO - Match heuristic business names to paybill payments
[2026-05-29 16:29:15,117] 25 root - INFO - Match heuristic business names to paybill payments
[2026-05-29 16:29:15,117] 25 root - INFO - Match heuristic business names to paybill payments
[2026-05-29 16:29:15,120] 25 root - INFO - Match heuristic business names to paybill payments
[2026-05-29 16:29:15,120] 25 root - INFO - Match heuristic business names to paybill payments
[2026-05-29 16:29:15,120] 25 root - INFO - Match heuristic business names to paybill payments
[2026-05-29 16:29:15,120] 25 root - INFO - Match heuristic business names to paybill payments
[2026-05-29 16:29:15,120] 25 root - INFO - Match heuristic business names to paybill payments
[2026-05-29 16:29:15,122] 25 root - INFO - Match heuristic business names to paybill payments
[2026-05-29 16:29:15,122] 25 root - INFO - Match heuristic business names to paybill payments
[2026-05-29 16:29:15,122] 25 root - INFO - Match heuristic business names to paybill payments
[2026-05-29 16:29:15,122] 25 root - INFO - Match heuristic business names to paybill payments
[2026-05-29 16:29:15,124] 25 root - INFO - Match heuristic business names to paybill payments
[2026-05-29 16:29:15,124] 25 root - INFO - Match heuristic business names to paybill payments
[2026-05-29 16:29:15,124] 25 root - INFO - Match heuristic business names to paybill payments
[2026-05-29 16:29:15,124] 25 root - INFO - Match heuristic business names to paybill payments
[2026-05-29 16:29:15,126] 25 root - INFO - Match heuristic business names to paybill payments
[2026-05-29 16:29:15,126] 25 root - INFO - Match heuristic business names to paybill payments
[2026-05-29 16:29:15,126] 25 root - INFO - Match heuristic business names to paybill payments
[2026-05-29 16:29:15,126] 25 root - INFO - Match heuristic business names to paybill payments
[2026-05-29 16:29:15,126] 25 root - INFO - Match heuristic business names to paybill payments
[2026-05-29 16:29:15,126] 25 root - INFO - Match heuristic business names to paybill payments
[2026-05-29 16:29:15,126] 25 root - INFO - Match heuristic business names to paybill payments
[2026-05-29 16:29:15,126] 25 root - INFO - Match heuristic business names to paybill payments
[2026-05-29 16:29:15,130] 25 root - INFO - Match heuristic business names to paybill payments
[2026-05-29 16:29:15,130] 25 root - INFO - Match heuristic business names to paybill payments
[2026-05-29 16:29:15,130] 25 root - INFO - Match heuristic business names to paybill payments
[2026-05-29 16:29:15,130] 25 root - INFO - Match heuristic business names to paybill payments
[2026-05-29 16:29:15,132] 25 root - INFO - Match heuristic business names to paybill payments
[2026-05-29 16:29:15,132] 25 root - INFO - Match heuristic business names to paybill payments
[2026-05-29 16:29:15,132] 25 root - INFO - Match heuristic business names to paybill payments
[2026-05-29 16:29:15,132] 25 root - INFO - Match heuristic business names to paybill payments
[2026-05-29 16:29:15,133] 25 root - INFO - Match heuristic business names to paybill payments
[2026-05-29 16:29:15,135] 25 root - INFO - Match heuristic business names to paybill payments
[2026-05-29 16:29:15,135] 25 root - INFO - Match heuristic business names to paybill payments
[2026-05-29 16:29:15,135] 25 root - INFO - Match heuristic business names to paybill payments
[2026-05-29 16:29:15,135] 25 root - INFO - Match heuristic business names to paybill payments
[2026-05-29 16:29:15,135] 25 root - INFO - Match heuristic business names to paybill payments
[2026-05-29 16:29:15,137] 25 root - INFO - Match heuristic business names to paybill payments
[2026-05-29 16:29:15,137] 25 root - INFO - Match heuristic business names to paybill payments
[2026-05-29 16:29:15,137] 25 root - INFO - Match heuristic business names to paybill payments
[2026-05-29 16:29:15,139] 25 root - INFO - Match heuristic business names to paybill payments
[2026-05-29 16:29:15,139] 25 root - INFO - Match heuristic business names to paybill payments
[2026-05-29 16:29:15,139] 25 root - INFO - Match heuristic business names to paybill payments
[2026-05-29 16:29:15,141] 25 root - INFO - Match heuristic business names to paybill payments
[2026-05-29 16:29:15,141] 25 root - INFO - Match heuristic business names to paybill payments
[2026-05-29 16:29:15,141] 25 root - INFO - Match heuristic business names to paybill payments
[2026-05-29 16:29:15,141] 25 root - INFO - Match heuristic business names to paybill payments
[2026-05-29 16:29:15,143] 25 root - INFO - Match heuristic business names to paybill payments
[2026-05-29 16:29:15,143] 25 root - INFO - Match heuristic business names to paybill payments
[2026-05-29 16:29:15,143] 25 root - INFO - Match heuristic business names to paybill payments
[2026-05-29 16:29:15,143] 25 root - INFO - Match heuristic business names to paybill payments
[2026-05-29 16:29:15,145] 25 root - INFO - Match heuristic business names to paybill payments
[2026-05-29 16:29:15,145] 25 root - INFO - Match heuristic business names to paybill payments
[2026-05-29 16:29:15,145] 25 root - INFO - Match heuristic business names to paybill payments
[2026-05-29 16:29:15,145] 25 root - INFO - Match heuristic business names to paybill payments
[2026-05-29 16:29:15,145] 25 root - INFO - Match heuristic business names to paybill payments
[2026-05-29 16:29:15,147] 25 root - INFO - Match heuristic business names to paybill payments
[2026-05-29 16:29:15,147] 25 root - INFO - Match heuristic business names to paybill payments
[2026-05-29 16:29:15,147] 25 root - INFO - Match heuristic business names to paybill payments
[2026-05-29 16:29:15,147] 25 root - INFO - Match heuristic business names to paybill payments
[2026-05-29 16:29:15,149] 25 root - INFO - Match heuristic business names to paybill payments
[2026-05-29 16:29:15,149] 25 root - INFO - Match heuristic business names to paybill payments
[2026-05-29 16:29:15,149] 25 root - INFO - Match heuristic business names to paybill payments
[2026-05-29 16:29:15,151] 25 root - INFO - Match heuristic business names to paybill payments
[2026-05-29 16:29:15,151] 25 root - INFO - Match heuristic business names to paybill payments
[2026-05-29 16:29:15,153] 25 root - INFO - Match heuristic business names to paybill payments
[2026-05-29 16:29:15,153] 25 root - INFO - Match heuristic business names to paybill payments
[2026-05-29 16:29:15,153] 25 root - INFO - Match heuristic business names to paybill payments
[2026-05-29 16:29:15,153] 25 root - INFO - Match heuristic business names to paybill payments
[2026-05-29 16:29:15,153] 25 root - INFO - Match heuristic business names to paybill payments
[2026-05-29 16:29:15,155] 25 root - INFO - Match heuristic business names to paybill payments
[2026-05-29 16:29:15,155] 25 root - INFO - Match heuristic business names to paybill payments
[2026-05-29 16:29:15,155] 25 root - INFO - Match heuristic business names to paybill payments
[2026-05-29 16:29:15,155] 25 root - INFO - Match heuristic business names to paybill payments
[2026-05-29 16:29:15,155] 25 root - INFO - Match heuristic business names to paybill payments
[2026-05-29 16:29:15,155] 25 root - INFO - Match heuristic business names to paybill payments
[2026-05-29 16:29:15,157] 25 root - INFO - Match heuristic business names to paybill payments
[2026-05-29 16:29:15,157] 25 root - INFO - Match heuristic business names to paybill payments
[2026-05-29 16:29:15,157] 25 root - INFO - Match heuristic business names to paybill payments
[2026-05-29 16:29:15,159] 25 root - INFO - Match heuristic business names to paybill payments
[2026-05-29 16:29:15,159] 25 root - INFO - Match heuristic business names to paybill payments
[2026-05-29 16:29:15,159] 25 root - INFO - Match heuristic business names to paybill payments
[2026-05-29 16:29:15,159] 25 root - INFO - Match heuristic business names to paybill payments
[2026-05-29 16:29:15,159] 25 root - INFO - Match heuristic business names to paybill payments
[2026-05-29 16:29:15,161] 25 root - INFO - Match heuristic business names to paybill payments
[2026-05-29 16:29:15,161] 25 root - INFO - Match heuristic business names to paybill payments
[2026-05-29 16:29:15,161] 25 root - INFO - Match heuristic business names to paybill payments
[2026-05-29 16:29:15,161] 25 root - INFO - Match heuristic business names to paybill payments
[2026-05-29 16:29:15,161] 25 root - INFO - Match heuristic business names to paybill payments
[2026-05-29 16:29:15,161] 25 root - INFO - Match heuristic business names to paybill payments
[2026-05-29 16:29:15,161] 25 root - INFO - Match heuristic business names to paybill payments
[2026-05-29 16:29:15,163] 25 root - INFO - Match heuristic business names to paybill payments
[2026-05-29 16:29:15,163] 25 root - INFO - Match heuristic business names to paybill payments
[2026-05-29 16:29:15,165] 25 root - INFO - Match heuristic business names to paybill payments
[2026-05-29 16:29:15,165] 25 root - INFO - Match heuristic business names to paybill payments
[2026-05-29 16:29:15,165] 25 root - INFO - Match heuristic business names to paybill payments
[2026-05-29 16:29:15,165] 25 root - INFO - Match heuristic business names to paybill payments
[2026-05-29 16:29:15,165] 25 root - INFO - Match heuristic business names to paybill payments
[2026-05-29 16:29:15,167] 25 root - INFO - Match heuristic business names to paybill payments
[2026-05-29 16:29:15,167] 25 root - INFO - Match heuristic business names to paybill payments
[2026-05-29 16:29:15,167] 25 root - INFO - Match heuristic business names to paybill payments
[2026-05-29 16:29:15,167] 25 root - INFO - Match heuristic business names to paybill payments
[2026-05-29 16:29:15,167] 25 root - INFO - Match heuristic business names to paybill payments
[2026-05-29 16:29:15,167] 25 root - INFO - Match heuristic business names to paybill payments
[2026-05-29 16:29:15,169] 25 root - INFO - Match heuristic business names to paybill payments
[2026-05-29 16:29:15,169] 25 root - INFO - Match heuristic business names to paybill payments
[2026-05-29 16:29:15,169] 25 root - INFO - Match heuristic business names to paybill payments
[2026-05-29 16:29:15,169] 25 root - INFO - Match heuristic business names to paybill payments
[2026-05-29 16:29:15,169] 25 root - INFO - Match heuristic business names to paybill payments
[2026-05-29 16:29:15,171] 25 root - INFO - Match heuristic business names to paybill payments
[2026-05-29 16:29:15,171] 25 root - INFO - Match heuristic business names to paybill payments
[2026-05-29 16:29:15,171] 25 root - INFO - Match heuristic business names to paybill payments
[2026-05-29 16:29:15,171] 25 root - INFO - Match heuristic business names to paybill payments
[2026-05-29 16:29:15,171] 25 root - INFO - Match heuristic business names to paybill payments
[2026-05-29 16:29:15,171] 25 root - INFO - Match heuristic business names to paybill payments
[2026-05-29 16:29:15,173] 25 root - INFO - Match heuristic business names to paybill payments
[2026-05-29 16:29:15,173] 25 root - INFO - Match heuristic business names to paybill payments
[2026-05-29 16:29:15,173] 25 root - INFO - Match heuristic business names to paybill payments
[2026-05-29 16:29:15,173] 25 root - INFO - Match heuristic business names to paybill payments
[2026-05-29 16:29:15,175] 25 root - INFO - Match heuristic business names to paybill payments
[2026-05-29 16:29:15,175] 25 root - INFO - Match heuristic business names to paybill payments
[2026-05-29 16:29:15,175] 25 root - INFO - Match heuristic business names to paybill payments
[2026-05-29 16:29:15,177] 25 root - INFO - Match heuristic business names to paybill payments
[2026-05-29 16:29:15,177] 25 root - INFO - Match heuristic business names to paybill payments
[2026-05-29 16:29:15,177] 25 root - INFO - Match heuristic business names to paybill payments
[2026-05-29 16:29:15,179] 25 root - INFO - Match heuristic business names to paybill payments
[2026-05-29 16:29:15,179] 25 root - INFO - Match heuristic business names to paybill payments
[2026-05-29 16:29:15,179] 25 root - INFO - Match heuristic business names to paybill payments
[2026-05-29 16:29:15,181] 25 root - INFO - Match heuristic business names to paybill payments
[2026-05-29 16:29:15,181] 25 root - INFO - Match heuristic business names to paybill payments
[2026-05-29 16:29:15,181] 25 root - INFO - Match heuristic business names to paybill payments
[2026-05-29 16:29:15,181] 25 root - INFO - Match heuristic business names to paybill payments
[2026-05-29 16:29:15,183] 25 root - INFO - Match heuristic business names to paybill payments
[2026-05-29 16:29:15,183] 25 root - INFO - Match heuristic business names to paybill payments
[2026-05-29 16:29:15,183] 25 root - INFO - Match heuristic business names to paybill payments
[2026-05-29 16:29:15,183] 25 root - INFO - Match heuristic business names to paybill payments
[2026-05-29 16:29:15,183] 25 root - INFO - Match heuristic business names to paybill payments
[2026-05-29 16:29:15,183] 25 root - INFO - Match heuristic business names to paybill payments
[2026-05-29 16:29:15,185] 25 root - INFO - Match heuristic business names to paybill payments
[2026-05-29 16:29:15,185] 25 root - INFO - Match heuristic business names to paybill payments
[2026-05-29 16:29:15,187] 25 root - INFO - Match heuristic business names to paybill payments
[2026-05-29 16:29:15,187] 25 root - INFO - Match heuristic business names to paybill payments
[2026-05-29 16:29:15,187] 25 root - INFO - Match heuristic business names to paybill payments
[2026-05-29 16:29:15,187] 25 root - INFO - Match heuristic business names to paybill payments
[2026-05-29 16:29:15,189] 25 root - INFO - Match heuristic business names to paybill payments
[2026-05-29 16:29:15,189] 25 root - INFO - Match heuristic business names to paybill payments
[2026-05-29 16:29:15,189] 25 root - INFO - Match heuristic business names to paybill payments
[2026-05-29 16:29:15,191] 25 root - INFO - Match heuristic business names to paybill payments
[2026-05-29 16:29:15,191] 25 root - INFO - Match heuristic business names to paybill payments
[2026-05-29 16:29:15,191] 25 root - INFO - Match heuristic business names to paybill payments
[2026-05-29 16:29:15,191] 25 root - INFO - Match heuristic business names to paybill payments
[2026-05-29 16:29:15,193] 25 root - INFO - Match heuristic business names to paybill payments
[2026-05-29 16:29:15,193] 25 root - INFO - Match heuristic business names to paybill payments
[2026-05-29 16:29:15,193] 25 root - INFO - Match heuristic business names to paybill payments
[2026-05-29 16:29:15,193] 25 root - INFO - Match heuristic business names to paybill payments
[2026-05-29 16:29:15,193] 25 root - INFO - Match heuristic business names to paybill payments
[2026-05-29 16:29:15,196] 25 root - INFO - Match heuristic business names to paybill payments
[2026-05-29 16:29:15,196] 25 root - INFO - Match heuristic business names to paybill payments
[2026-05-29 16:29:15,196] 25 root - INFO - Match heuristic business names to paybill payments
[2026-05-29 16:29:15,196] 25 root - INFO - Match heuristic business names to paybill payments
[2026-05-29 16:29:15,196] 25 root - INFO - Match heuristic business names to paybill payments
[2026-05-29 16:29:15,198] 25 root - INFO - Match heuristic business names to paybill payments
[2026-05-29 16:29:15,198] 25 root - INFO - Match heuristic business names to paybill payments
[2026-05-29 16:29:15,198] 25 root - INFO - Match heuristic business names to paybill payments
[2026-05-29 16:29:15,198] 25 root - INFO - Match heuristic business names to paybill payments
[2026-05-29 16:29:15,200] 25 root - INFO - Match heuristic business names to paybill payments
[2026-05-29 16:29:15,200] 25 root - INFO - Match heuristic business names to paybill payments
[2026-05-29 16:29:15,200] 25 root - INFO - Match heuristic business names to paybill payments
[2026-05-29 16:29:15,200] 25 root - INFO - Match heuristic business names to paybill payments
[2026-05-29 16:29:15,200] 25 root - INFO - Match heuristic business names to paybill payments
[2026-05-29 16:29:15,202] 25 root - INFO - Match heuristic business names to paybill payments
[2026-05-29 16:29:15,202] 25 root - INFO - Match heuristic business names to paybill payments
[2026-05-29 16:29:15,202] 25 root - INFO - Match heuristic business names to paybill payments
[2026-05-29 16:29:15,202] 25 root - INFO - Match heuristic business names to paybill payments
[2026-05-29 16:29:15,204] 25 root - INFO - Match heuristic business names to paybill payments
[2026-05-29 16:29:15,204] 25 root - INFO - Match heuristic business names to paybill payments
[2026-05-29 16:29:15,204] 25 root - INFO - Match heuristic business names to paybill payments
[2026-05-29 16:29:15,204] 25 root - INFO - Match heuristic business names to paybill payments
[2026-05-29 16:29:15,204] 25 root - INFO - Match heuristic business names to paybill payments
[2026-05-29 16:29:15,204] 25 root - INFO - Match heuristic business names to paybill payments
[2026-05-29 16:29:15,206] 25 root - INFO - Match heuristic business names to paybill payments
[2026-05-29 16:29:15,206] 25 root - INFO - Match heuristic business names to paybill payments
[2026-05-29 16:29:15,206] 25 root - INFO - Match heuristic business names to paybill payments
[2026-05-29 16:29:15,206] 25 root - INFO - Match heuristic business names to paybill payments
[2026-05-29 16:29:15,206] 25 root - INFO - Match heuristic business names to paybill payments
[2026-05-29 16:29:15,208] 25 root - INFO - Match heuristic business names to paybill payments
[2026-05-29 16:29:15,208] 25 root - INFO - Match heuristic business names to paybill payments
[2026-05-29 16:29:15,208] 25 root - INFO - Match heuristic business names to paybill payments
[2026-05-29 16:29:15,210] 25 root - INFO - Match heuristic business names to paybill payments
[2026-05-29 16:29:15,210] 25 root - INFO - Match heuristic business names to paybill payments
[2026-05-29 16:29:15,210] 25 root - INFO - Match heuristic business names to paybill payments
[2026-05-29 16:29:15,210] 25 root - INFO - Match heuristic business names to paybill payments
[2026-05-29 16:29:15,212] 25 root - INFO - Match heuristic business names to paybill payments
[2026-05-29 16:29:15,212] 25 root - INFO - Match heuristic business names to paybill payments
[2026-05-29 16:29:15,212] 25 root - INFO - Match heuristic business names to paybill payments
[2026-05-29 16:29:15,212] 25 root - INFO - Match heuristic business names to paybill payments
[2026-05-29 16:29:15,214] 25 root - INFO - Match heuristic business names to paybill payments
[2026-05-29 16:29:15,214] 25 root - INFO - Match heuristic business names to paybill payments
[2026-05-29 16:29:15,214] 25 root - INFO - Match heuristic business names to paybill payments
[2026-05-29 16:29:15,214] 25 root - INFO - Match heuristic business names to paybill payments
[2026-05-29 16:29:15,216] 25 root - INFO - Match heuristic business names to paybill payments
[2026-05-29 16:29:15,216] 25 root - INFO - Match heuristic business names to paybill payments
[2026-05-29 16:29:15,216] 25 root - INFO - Match heuristic business names to paybill payments
[2026-05-29 16:29:15,216] 25 root - INFO - Match heuristic business names to paybill payments
[2026-05-29 16:29:15,216] 25 root - INFO - Match heuristic business names to paybill payments
[2026-05-29 16:29:15,216] 25 root - INFO - Match heuristic business names to paybill payments
[2026-05-29 16:29:15,218] 25 root - INFO - Match heuristic business names to paybill payments
[2026-05-29 16:29:15,218] 25 root - INFO - Match heuristic business names to paybill payments
[2026-05-29 16:29:15,218] 25 root - INFO - Match heuristic business names to paybill payments
[2026-05-29 16:29:15,218] 25 root - INFO - Match heuristic business names to paybill payments
[2026-05-29 16:29:15,218] 25 root - INFO - Match heuristic business names to paybill payments
[2026-05-29 16:29:15,220] 25 root - INFO - Match heuristic business names to paybill payments
[2026-05-29 16:29:15,220] 25 root - INFO - Match heuristic business names to paybill payments
[2026-05-29 16:29:15,220] 25 root - INFO - Match heuristic business names to paybill payments
[2026-05-29 16:29:15,220] 25 root - INFO - Match heuristic business names to paybill payments
[2026-05-29 16:29:15,220] 25 root - INFO - Match heuristic business names to paybill payments
[2026-05-29 16:29:15,220] 25 root - INFO - Match heuristic business names to paybill payments
[2026-05-29 16:29:15,222] 25 root - INFO - Match heuristic business names to paybill payments
[2026-05-29 16:29:15,222] 25 root - INFO - Match heuristic business names to paybill payments
[2026-05-29 16:29:15,222] 25 root - INFO - Match heuristic business names to paybill payments
[2026-05-29 16:29:15,222] 25 root - INFO - Match heuristic business names to paybill payments
[2026-05-29 16:29:15,222] 25 root - INFO - Match heuristic business names to paybill payments
[2026-05-29 16:29:15,224] 25 root - INFO - Match heuristic business names to paybill payments
[2026-05-29 16:29:15,224] 25 root - INFO - Match heuristic business names to paybill payments
[2026-05-29 16:29:15,224] 25 root - INFO - Match heuristic business names to paybill payments
[2026-05-29 16:29:15,224] 25 root - INFO - Match heuristic business names to paybill payments
[2026-05-29 16:29:15,224] 25 root - INFO - Match heuristic business names to paybill payments
[2026-05-29 16:29:15,226] 25 root - INFO - Match heuristic business names to paybill payments
[2026-05-29 16:29:15,226] 25 root - INFO - Match heuristic business names to paybill payments
[2026-05-29 16:29:15,226] 25 root - INFO - Match heuristic business names to paybill payments
[2026-05-29 16:29:15,226] 25 root - INFO - Match heuristic business names to paybill payments
[2026-05-29 16:29:15,228] 25 root - INFO - Match heuristic business names to paybill payments
[2026-05-29 16:29:15,228] 25 root - INFO - Match heuristic business names to paybill payments
[2026-05-29 16:29:15,228] 25 root - INFO - Match heuristic business names to paybill payments
[2026-05-29 16:29:15,230] 25 root - INFO - Match heuristic business names to paybill payments
[2026-05-29 16:29:15,230] 25 root - INFO - Match heuristic business names to paybill payments
[2026-05-29 16:29:15,230] 25 root - INFO - Match heuristic business names to paybill payments
[2026-05-29 16:29:15,230] 25 root - INFO - Match heuristic business names to paybill payments
[2026-05-29 16:29:15,230] 25 root - INFO - Match heuristic business names to paybill payments
[2026-05-29 16:29:15,230] 25 root - INFO - Match heuristic business names to paybill payments
[2026-05-29 16:29:15,230] 25 root - INFO - Match heuristic business names to paybill payments
[2026-05-29 16:29:15,230] 25 root - INFO - Match heuristic business names to paybill payments
[2026-05-29 16:29:15,230] 25 root - INFO - Match heuristic business names to paybill payments
[2026-05-29 16:29:15,230] 25 root - INFO - Match heuristic business names to paybill payments
[2026-05-29 16:29:15,230] 25 root - INFO - Match heuristic business names to paybill payments
[2026-05-29 16:29:15,230] 25 root - INFO - Match heuristic business names to paybill payments
[2026-05-29 16:29:15,230] 25 root - INFO - Match heuristic business names to paybill payments
[2026-05-29 16:29:15,230] 25 root - INFO - Match heuristic business names to paybill payments
[2026-05-29 16:29:15,230] 25 root - INFO - Match heuristic business names to paybill payments
[2026-05-29 16:29:15,230] 25 root - INFO - Match heuristic business names to paybill payments
[2026-05-29 16:29:15,230] 25 root - INFO - Match heuristic business names to paybill payments
[2026-05-29 16:29:15,230] 25 root - INFO - Match heuristic business names to paybill payments
[2026-05-29 16:29:15,230] 25 root - INFO - Match heuristic business names to paybill payments
[2026-05-29 16:29:15,230] 25 root - INFO - Match heuristic business names to paybill payments
[2026-05-29 16:29:15,230] 25 root - INFO - Match heuristic business names to paybill payments
[2026-05-29 16:29:15,230] 25 root - INFO - Match heuristic business names to paybill payments
[2026-05-29 16:29:15,230] 25 root - INFO - Match heuristic business names to paybill payments
[2026-05-29 16:29:15,230] 25 root - INFO - Match heuristic business names to paybill payments
[2026-05-29 16:29:15,244] 25 root - INFO - Match heuristic business names to paybill payments
[2026-05-29 16:29:15,244] 25 root - INFO - Match heuristic business names to paybill payments
[2026-05-29 16:29:15,244] 25 root - INFO - Match heuristic business names to paybill payments
[2026-05-29 16:29:15,244] 25 root - INFO - Match heuristic business names to paybill payments
[2026-05-29 16:29:15,244] 25 root - INFO - Match heuristic business names to paybill payments
[2026-05-29 16:29:15,244] 25 root - INFO - Match heuristic business names to paybill payments
[2026-05-29 16:29:15,244] 25 root - INFO - Match heuristic business names to paybill payments
[2026-05-29 16:29:15,244] 25 root - INFO - Match heuristic business names to paybill payments
[2026-05-29 16:29:15,244] 25 root - INFO - Match heuristic business names to paybill payments
[2026-05-29 16:29:15,244] 25 root - INFO - Match heuristic business names to paybill payments
[2026-05-29 16:29:15,244] 25 root - INFO - Match heuristic business names to paybill payments
[2026-05-29 16:29:15,244] 25 root - INFO - Match heuristic business names to paybill payments
[2026-05-29 16:29:15,244] 25 root - INFO - Match heuristic business names to paybill payments
[2026-05-29 16:29:15,244] 25 root - INFO - Match heuristic business names to paybill payments
[2026-05-29 16:29:15,244] 25 root - INFO - Match heuristic business names to paybill payments
[2026-05-29 16:29:15,244] 25 root - INFO - Match heuristic business names to paybill payments
[2026-05-29 16:29:15,244] 25 root - INFO - Match heuristic business names to paybill payments
[2026-05-29 16:29:15,244] 25 root - INFO - Match heuristic business names to paybill payments
[2026-05-29 16:29:15,244] 25 root - INFO - Match heuristic business names to paybill payments
[2026-05-29 16:29:15,244] 25 root - INFO - Match heuristic business names to paybill payments
[2026-05-29 16:29:15,244] 25 root - INFO - Match heuristic business names to paybill payments
[2026-05-29 16:29:15,244] 25 root - INFO - Match heuristic business names to paybill payments
[2026-05-29 16:29:15,244] 25 root - INFO - Match heuristic business names to paybill payments
[2026-05-29 16:29:15,244] 25 root - INFO - Match heuristic business names to paybill payments
[2026-05-29 16:29:15,244] 25 root - INFO - Match heuristic business names to paybill payments
[2026-05-29 16:29:15,244] 25 root - INFO - Match heuristic business names to paybill payments
[2026-05-29 16:29:15,244] 25 root - INFO - Match heuristic business names to paybill payments
[2026-05-29 16:29:15,244] 25 root - INFO - Match heuristic business names to paybill payments
[2026-05-29 16:29:15,244] 25 root - INFO - Match heuristic business names to paybill payments
[2026-05-29 16:29:15,244] 25 root - INFO - Match heuristic business names to paybill payments
[2026-05-29 16:29:15,244] 25 root - INFO - Match heuristic business names to paybill payments
[2026-05-29 16:29:15,244] 25 root - INFO - Match heuristic business names to paybill payments
[2026-05-29 16:29:15,244] 25 root - INFO - Match heuristic business names to paybill payments
[2026-05-29 16:29:15,244] 25 root - INFO - Match heuristic business names to paybill payments
[2026-05-29 16:29:15,244] 25 root - INFO - Match heuristic business names to paybill payments
[2026-05-29 16:29:15,244] 25 root - INFO - Match heuristic business names to paybill payments
[2026-05-29 16:29:15,244] 25 root - INFO - Match heuristic business names to paybill payments
[2026-05-29 16:29:15,244] 25 root - INFO - Match heuristic business names to paybill payments
[2026-05-29 16:29:15,260] 25 root - INFO - Match heuristic business names to paybill payments
[2026-05-29 16:29:15,260] 25 root - INFO - Match heuristic business names to paybill payments
[2026-05-29 16:29:15,261] 25 root - INFO - Match heuristic business names to paybill payments
[2026-05-29 16:29:15,261] 25 root - INFO - Match heuristic business names to paybill payments
[2026-05-29 16:29:15,261] 25 root - INFO - Match heuristic business names to paybill payments
[2026-05-29 16:29:15,261] 25 root - INFO - Match heuristic business names to paybill payments
[2026-05-29 16:29:15,261] 25 root - INFO - Match heuristic business names to paybill payments
[2026-05-29 16:29:15,263] 25 root - INFO - Match heuristic business names to paybill payments
[2026-05-29 16:29:15,263] 25 root - INFO - Match heuristic business names to paybill payments
[2026-05-29 16:29:15,263] 25 root - INFO - Match heuristic business names to paybill payments
[2026-05-29 16:29:15,263] 25 root - INFO - Match heuristic business names to paybill payments
[2026-05-29 16:29:15,263] 25 root - INFO - Match heuristic business names to paybill payments
[2026-05-29 16:29:15,265] 25 root - INFO - Match heuristic business names to paybill payments
[2026-05-29 16:29:15,265] 25 root - INFO - Match heuristic business names to paybill payments
[2026-05-29 16:29:15,265] 25 root - INFO - Match heuristic business names to paybill payments
[2026-05-29 16:29:15,265] 25 root - INFO - Match heuristic business names to paybill payments
[2026-05-29 16:29:15,265] 25 root - INFO - Match heuristic business names to paybill payments
[2026-05-29 16:29:15,265] 25 root - INFO - Match heuristic business names to paybill payments
[2026-05-29 16:29:15,267] 25 root - INFO - Match heuristic business names to paybill payments
[2026-05-29 16:29:15,267] 25 root - INFO - Match heuristic business names to paybill payments
[2026-05-29 16:29:15,267] 25 root - INFO - Match heuristic business names to paybill payments
[2026-05-29 16:29:15,267] 25 root - INFO - Match heuristic business names to paybill payments
[2026-05-29 16:29:15,267] 25 root - INFO - Match heuristic business names to paybill payments
[2026-05-29 16:29:15,269] 25 root - INFO - Match heuristic business names to paybill payments
[2026-05-29 16:29:15,269] 25 root - INFO - Match heuristic business names to paybill payments
[2026-05-29 16:29:15,271] 25 root - INFO - Match heuristic business names to paybill payments
[2026-05-29 16:29:15,271] 25 root - INFO - Match heuristic business names to paybill payments
[2026-05-29 16:29:15,271] 25 root - INFO - Match heuristic business names to paybill payments
[2026-05-29 16:29:15,271] 25 root - INFO - Match heuristic business names to paybill payments
[2026-05-29 16:29:15,273] 25 root - INFO - Match heuristic business names to paybill payments
[2026-05-29 16:29:15,273] 25 root - INFO - Match heuristic business names to paybill payments
[2026-05-29 16:29:15,273] 25 root - INFO - Match heuristic business names to paybill payments
[2026-05-29 16:29:15,273] 25 root - INFO - Match heuristic business names to paybill payments
[2026-05-29 16:29:15,275] 25 root - INFO - Match heuristic business names to paybill payments
[2026-05-29 16:29:15,275] 25 root - INFO - Match heuristic business names to paybill payments
[2026-05-29 16:29:15,275] 25 root - INFO - Match heuristic business names to paybill payments
[2026-05-29 16:29:15,275] 25 root - INFO - Match heuristic business names to paybill payments
[2026-05-29 16:29:15,275] 25 root - INFO - Match heuristic business names to paybill payments
[2026-05-29 16:29:15,275] 25 root - INFO - Match heuristic business names to paybill payments
[2026-05-29 16:29:15,278] 25 root - INFO - Match heuristic business names to paybill payments
[2026-05-29 16:29:15,278] 25 root - INFO - Match heuristic business names to paybill payments
[2026-05-29 16:29:15,278] 25 root - INFO - Match heuristic business names to paybill payments
[2026-05-29 16:29:15,278] 25 root - INFO - Match heuristic business names to paybill payments
[2026-05-29 16:29:15,278] 25 root - INFO - Match heuristic business names to paybill payments
[2026-05-29 16:29:15,280] 25 root - INFO - Match heuristic business names to paybill payments
[2026-05-29 16:29:15,280] 25 root - INFO - Match heuristic business names to paybill payments
[2026-05-29 16:29:15,280] 25 root - INFO - Match heuristic business names to paybill payments
[2026-05-29 16:29:15,282] 25 root - INFO - Match heuristic business names to paybill payments
[2026-05-29 16:29:15,282] 25 root - INFO - Match heuristic business names to paybill payments
[2026-05-29 16:29:15,282] 25 root - INFO - Match heuristic business names to paybill payments
[2026-05-29 16:29:15,284] 25 root - INFO - Match heuristic business names to paybill payments
[2026-05-29 16:29:15,284] 25 root - INFO - Match heuristic business names to paybill payments
[2026-05-29 16:29:15,284] 25 root - INFO - Match heuristic business names to paybill payments
[2026-05-29 16:29:15,286] 25 root - INFO - Match heuristic business names to paybill payments
[2026-05-29 16:29:15,286] 25 root - INFO - Match heuristic business names to paybill payments
[2026-05-29 16:29:15,286] 25 root - INFO - Match heuristic business names to paybill payments
[2026-05-29 16:29:15,288] 25 root - INFO - Match heuristic business names to paybill payments
[2026-05-29 16:29:15,288] 25 root - INFO - Match heuristic business names to paybill payments
[2026-05-29 16:29:15,288] 25 root - INFO - Match heuristic business names to paybill payments
[2026-05-29 16:29:15,288] 25 root - INFO - Match heuristic business names to paybill payments
[2026-05-29 16:29:15,288] 25 root - INFO - Match heuristic business names to paybill payments
[2026-05-29 16:29:15,290] 25 root - INFO - Match heuristic business names to paybill payments
[2026-05-29 16:29:15,290] 25 root - INFO - Match heuristic business names to paybill payments
[2026-05-29 16:29:15,291] 25 root - INFO - Match heuristic business names to paybill payments
[2026-05-29 16:29:15,291] 25 root - INFO - Match heuristic business names to paybill payments
[2026-05-29 16:29:15,291] 25 root - INFO - Match heuristic business names to paybill payments
[2026-05-29 16:29:15,291] 25 root - INFO - Match heuristic business names to paybill payments
[2026-05-29 16:29:15,291] 25 root - INFO - Match heuristic business names to paybill payments
[2026-05-29 16:29:15,291] 25 root - INFO - Match heuristic business names to paybill payments
[2026-05-29 16:29:15,291] 25 root - INFO - Match heuristic business names to paybill payments
[2026-05-29 16:29:15,291] 25 root - INFO - Match heuristic business names to paybill payments
[2026-05-29 16:29:15,291] 25 root - INFO - Match heuristic business names to paybill payments
[2026-05-29 16:29:15,291] 25 root - INFO - Match heuristic business names to paybill payments
[2026-05-29 16:29:15,291] 25 root - INFO - Match heuristic business names to paybill payments
[2026-05-29 16:29:15,291] 25 root - INFO - Match heuristic business names to paybill payments
[2026-05-29 16:29:15,291] 25 root - INFO - Match heuristic business names to paybill payments
[2026-05-29 16:29:15,291] 25 root - INFO - Match heuristic business names to paybill payments
[2026-05-29 16:29:15,291] 25 root - INFO - Match heuristic business names to paybill payments
[2026-05-29 16:29:15,291] 25 root - INFO - Match heuristic business names to paybill payments
[2026-05-29 16:29:15,291] 25 root - INFO - Match heuristic business names to paybill payments
[2026-05-29 16:29:15,291] 25 root - INFO - Match heuristic business names to paybill payments
[2026-05-29 16:29:15,291] 25 root - INFO - Match heuristic business names to paybill payments
[2026-05-29 16:29:15,291] 25 root - INFO - Match heuristic business names to paybill payments
[2026-05-29 16:29:15,291] 25 root - INFO - Match heuristic business names to paybill payments
[2026-05-29 16:29:15,291] 25 root - INFO - Match heuristic business names to paybill payments
[2026-05-29 16:29:15,291] 25 root - INFO - Match heuristic business names to paybill payments
[2026-05-29 16:29:15,291] 25 root - INFO - Match heuristic business names to paybill payments
[2026-05-29 16:29:15,291] 25 root - INFO - Match heuristic business names to paybill payments
[2026-05-29 16:29:15,307] 25 root - INFO - Match heuristic business names to paybill payments
[2026-05-29 16:29:15,307] 25 root - INFO - Match heuristic business names to paybill payments
[2026-05-29 16:29:15,307] 25 root - INFO - Match heuristic business names to paybill payments
[2026-05-29 16:29:15,307] 25 root - INFO - Match heuristic business names to paybill payments
[2026-05-29 16:29:15,307] 25 root - INFO - Match heuristic business names to paybill payments
[2026-05-29 16:29:15,307] 25 root - INFO - Match heuristic business names to paybill payments
[2026-05-29 16:29:15,307] 25 root - INFO - Match heuristic business names to paybill payments
[2026-05-29 16:29:15,307] 25 root - INFO - Match heuristic business names to paybill payments
[2026-05-29 16:29:15,307] 25 root - INFO - Match heuristic business names to paybill payments
[2026-05-29 16:29:15,307] 25 root - INFO - Match heuristic business names to paybill payments
[2026-05-29 16:29:15,307] 25 root - INFO - Match heuristic business names to paybill payments
[2026-05-29 16:29:15,307] 25 root - INFO - Match heuristic business names to paybill payments
[2026-05-29 16:29:15,307] 25 root - INFO - Match heuristic business names to paybill payments
[2026-05-29 16:29:15,307] 25 root - INFO - Match heuristic business names to paybill payments
[2026-05-29 16:29:15,307] 25 root - INFO - Match heuristic business names to paybill payments
[2026-05-29 16:29:15,307] 25 root - INFO - Match heuristic business names to paybill payments
[2026-05-29 16:29:15,307] 25 root - INFO - Match heuristic business names to paybill payments
[2026-05-29 16:29:15,307] 25 root - INFO - Match heuristic business names to paybill payments
[2026-05-29 16:29:15,307] 25 root - INFO - Match heuristic business names to paybill payments
[2026-05-29 16:29:15,307] 25 root - INFO - Match heuristic business names to paybill payments
[2026-05-29 16:29:15,307] 25 root - INFO - Match heuristic business names to paybill payments
[2026-05-29 16:29:15,307] 25 root - INFO - Match heuristic business names to paybill payments
[2026-05-29 16:29:15,307] 25 root - INFO - Match heuristic business names to paybill payments
[2026-05-29 16:29:15,307] 25 root - INFO - Match heuristic business names to paybill payments
[2026-05-29 16:29:15,307] 25 root - INFO - Match heuristic business names to paybill payments
[2026-05-29 16:29:15,307] 25 root - INFO - Match heuristic business names to paybill payments
[2026-05-29 16:29:15,307] 25 root - INFO - Match heuristic business names to paybill payments
[2026-05-29 16:29:15,307] 25 root - INFO - Match heuristic business names to paybill payments
[2026-05-29 16:29:15,307] 25 root - INFO - Match heuristic business names to paybill payments
[2026-05-29 16:29:15,307] 25 root - INFO - Match heuristic business names to paybill payments
[2026-05-29 16:29:15,307] 25 root - INFO - Match heuristic business names to paybill payments
[2026-05-29 16:29:15,323] 25 root - INFO - Match heuristic business names to paybill payments
[2026-05-29 16:29:15,323] 25 root - INFO - Match heuristic business names to paybill payments
[2026-05-29 16:29:15,323] 25 root - INFO - Match heuristic business names to paybill payments
[2026-05-29 16:29:15,323] 25 root - INFO - Match heuristic business names to paybill payments
[2026-05-29 16:29:15,323] 25 root - INFO - Match heuristic business names to paybill payments
[2026-05-29 16:29:15,323] 25 root - INFO - Match heuristic business names to paybill payments
[2026-05-29 16:29:15,323] 25 root - INFO - Match heuristic business names to paybill payments
[2026-05-29 16:29:15,323] 25 root - INFO - Match heuristic business names to paybill payments
[2026-05-29 16:29:15,323] 25 root - INFO - Match heuristic business names to paybill payments
[2026-05-29 16:29:15,323] 25 root - INFO - Match heuristic business names to paybill payments
[2026-05-29 16:29:15,323] 25 root - INFO - Match heuristic business names to paybill payments
[2026-05-29 16:29:15,323] 25 root - INFO - Match heuristic business names to paybill payments
[2026-05-29 16:29:15,323] 25 root - INFO - Match heuristic business names to paybill payments
[2026-05-29 16:29:15,323] 25 root - INFO - Match heuristic business names to paybill payments
[2026-05-29 16:29:15,323] 25 root - INFO - Match heuristic business names to paybill payments
[2026-05-29 16:29:15,323] 25 root - INFO - Match heuristic business names to paybill payments
[2026-05-29 16:29:15,323] 25 root - INFO - Match heuristic business names to paybill payments
[2026-05-29 16:29:15,323] 25 root - INFO - Match heuristic business names to paybill payments
[2026-05-29 16:29:15,323] 25 root - INFO - Match heuristic business names to paybill payments
[2026-05-29 16:29:15,323] 25 root - INFO - Match heuristic business names to paybill payments
[2026-05-29 16:29:15,323] 25 root - INFO - Match heuristic business names to paybill payments
[2026-05-29 16:29:15,323] 25 root - INFO - Match heuristic business names to paybill payments
[2026-05-29 16:29:15,323] 25 root - INFO - Match heuristic business names to paybill payments
[2026-05-29 16:29:15,323] 25 root - INFO - Match heuristic business names to paybill payments
[2026-05-29 16:29:15,323] 25 root - INFO - Match heuristic business names to paybill payments
[2026-05-29 16:29:15,323] 25 root - INFO - Match heuristic business names to paybill payments
[2026-05-29 16:29:15,323] 25 root - INFO - Match heuristic business names to paybill payments
[2026-05-29 16:29:15,323] 25 root - INFO - Match heuristic business names to paybill payments
[2026-05-29 16:29:15,339] 25 root - INFO - Match heuristic business names to paybill payments
[2026-05-29 16:29:15,341] 25 root - INFO - Match heuristic business names to paybill payments
[2026-05-29 16:29:15,341] 25 root - INFO - Match heuristic business names to paybill payments
[2026-05-29 16:29:15,341] 25 root - INFO - Match heuristic business names to paybill payments
[2026-05-29 16:29:15,343] 25 root - INFO - Match heuristic business names to paybill payments
[2026-05-29 16:29:15,343] 25 root - INFO - Match heuristic business names to paybill payments
[2026-05-29 16:29:15,343] 25 root - INFO - Match heuristic business names to paybill payments
[2026-05-29 16:29:15,343] 25 root - INFO - Match heuristic business names to paybill payments
[2026-05-29 16:29:15,343] 25 root - INFO - Match heuristic business names to paybill payments
[2026-05-29 16:29:15,345] 25 root - INFO - Match heuristic business names to paybill payments
[2026-05-29 16:29:15,345] 25 root - INFO - Match heuristic business names to paybill payments
[2026-05-29 16:29:15,345] 25 root - INFO - Match heuristic business names to paybill payments
[2026-05-29 16:29:15,347] 25 root - INFO - Match heuristic business names to paybill payments
[2026-05-29 16:29:15,347] 25 root - INFO - Match heuristic business names to paybill payments
[2026-05-29 16:29:15,347] 25 root - INFO - Match heuristic business names to paybill payments
[2026-05-29 16:29:15,347] 25 root - INFO - Match heuristic business names to paybill payments
[2026-05-29 16:29:15,347] 25 root - INFO - Match heuristic business names to paybill payments
[2026-05-29 16:29:15,347] 25 root - INFO - Match heuristic business names to paybill payments
[2026-05-29 16:29:15,347] 25 root - INFO - Match heuristic business names to paybill payments
[2026-05-29 16:29:15,347] 25 root - INFO - Match heuristic business names to paybill payments
[2026-05-29 16:29:15,347] 25 root - INFO - Match heuristic business names to paybill payments
[2026-05-29 16:29:15,347] 25 root - INFO - Match heuristic business names to paybill payments
[2026-05-29 16:29:15,347] 25 root - INFO - Match heuristic business names to paybill payments
[2026-05-29 16:29:15,347] 25 root - INFO - Match heuristic business names to paybill payments
[2026-05-29 16:29:15,347] 25 root - INFO - Match heuristic business names to paybill payments
[2026-05-29 16:29:15,347] 25 root - INFO - Match heuristic business names to paybill payments
[2026-05-29 16:29:15,355] 25 root - INFO - Match heuristic business names to paybill payments
[2026-05-29 16:29:15,355] 25 root - INFO - Match heuristic business names to paybill payments
[2026-05-29 16:29:15,355] 25 root - INFO - Match heuristic business names to paybill payments
[2026-05-29 16:29:15,355] 25 root - INFO - Match heuristic business names to paybill payments
[2026-05-29 16:29:15,355] 25 root - INFO - Match heuristic business names to paybill payments
[2026-05-29 16:29:15,355] 25 root - INFO - Match heuristic business names to paybill payments
[2026-05-29 16:29:15,355] 25 root - INFO - Match heuristic business names to paybill payments
[2026-05-29 16:29:15,355] 25 root - INFO - Match heuristic business names to paybill payments
[2026-05-29 16:29:15,360] 25 root - INFO - Match heuristic business names to paybill payments
[2026-05-29 16:29:15,360] 25 root - INFO - Match heuristic business names to paybill payments
[2026-05-29 16:29:15,360] 25 root - INFO - Match heuristic business names to paybill payments
[2026-05-29 16:29:15,362] 25 root - INFO - Match heuristic business names to paybill payments
[2026-05-29 16:29:15,362] 25 root - INFO - Match heuristic business names to paybill payments
[2026-05-29 16:29:15,362] 25 root - INFO - Match heuristic business names to paybill payments
[2026-05-29 16:29:15,362] 25 root - INFO - Match heuristic business names to paybill payments
[2026-05-29 16:29:15,362] 25 root - INFO - Match heuristic business names to paybill payments
[2026-05-29 16:29:15,364] 25 root - INFO - Match heuristic business names to paybill payments
[2026-05-29 16:29:15,364] 25 root - INFO - Match heuristic business names to paybill payments
[2026-05-29 16:29:15,364] 25 root - INFO - Match heuristic business names to paybill payments
[2026-05-29 16:29:15,364] 25 root - INFO - Match heuristic business names to paybill payments
[2026-05-29 16:29:15,366] 25 root - INFO - Match heuristic business names to paybill payments
[2026-05-29 16:29:15,366] 25 root - INFO - Match heuristic business names to paybill payments
[2026-05-29 16:29:15,366] 25 root - INFO - Match heuristic business names to paybill payments
[2026-05-29 16:29:15,366] 25 root - INFO - Match heuristic business names to paybill payments
[2026-05-29 16:29:15,368] 25 root - INFO - Match heuristic business names to paybill payments
[2026-05-29 16:29:15,368] 25 root - INFO - Match heuristic business names to paybill payments
[2026-05-29 16:29:15,368] 25 root - INFO - Match heuristic business names to paybill payments
[2026-05-29 16:29:15,368] 25 root - INFO - Match heuristic business names to paybill payments
[2026-05-29 16:29:15,370] 25 root - INFO - Match heuristic business names to paybill payments
[2026-05-29 16:29:15,370] 25 root - INFO - Match heuristic business names to paybill payments
[2026-05-29 16:29:15,371] 25 root - INFO - Match heuristic business names to paybill payments
[2026-05-29 16:29:15,371] 25 root - INFO - Match heuristic business names to paybill payments
[2026-05-29 16:29:15,371] 25 root - INFO - Match heuristic business names to paybill payments
[2026-05-29 16:29:15,371] 25 root - INFO - Match heuristic business names to paybill payments
[2026-05-29 16:29:15,373] 25 root - INFO - Match heuristic business names to paybill payments
[2026-05-29 16:29:15,373] 25 root - INFO - Match heuristic business names to paybill payments
[2026-05-29 16:29:15,373] 25 root - INFO - Match heuristic business names to paybill payments
[2026-05-29 16:29:15,375] 25 root - INFO - Match heuristic business names to paybill payments
[2026-05-29 16:29:15,376] 25 root - INFO - Match heuristic business names to paybill payments
[2026-05-29 16:29:15,377] 25 root - INFO - Match heuristic business names to paybill payments
[2026-05-29 16:29:15,377] 25 root - INFO - Match heuristic business names to paybill payments
[2026-05-29 16:29:15,377] 25 root - INFO - Match heuristic business names to paybill payments
[2026-05-29 16:29:15,377] 25 root - INFO - Match heuristic business names to paybill payments
[2026-05-29 16:29:15,377] 25 root - INFO - Match heuristic business names to paybill payments
[2026-05-29 16:29:15,377] 25 root - INFO - Match heuristic business names to paybill payments
[2026-05-29 16:29:15,377] 25 root - INFO - Match heuristic business names to paybill payments
[2026-05-29 16:29:15,377] 25 root - INFO - Match heuristic business names to paybill payments
[2026-05-29 16:29:15,377] 25 root - INFO - Match heuristic business names to paybill payments
[2026-05-29 16:29:15,377] 25 root - INFO - Match heuristic business names to paybill payments
[2026-05-29 16:29:15,377] 25 root - INFO - Match heuristic business names to paybill payments
[2026-05-29 16:29:15,377] 25 root - INFO - Match heuristic business names to paybill payments
[2026-05-29 16:29:15,377] 25 root - INFO - Match heuristic business names to paybill payments
[2026-05-29 16:29:15,377] 25 root - INFO - Match heuristic business names to paybill payments
[2026-05-29 16:29:15,387] 25 root - INFO - Match heuristic business names to paybill payments
[2026-05-29 16:29:15,387] 25 root - INFO - Match heuristic business names to paybill payments
[2026-05-29 16:29:15,387] 25 root - INFO - Match heuristic business names to paybill payments
[2026-05-29 16:29:15,387] 25 root - INFO - Match heuristic business names to paybill payments
[2026-05-29 16:29:15,387] 25 root - INFO - Match heuristic business names to paybill payments
[2026-05-29 16:29:15,387] 25 root - INFO - Match heuristic business names to paybill payments
[2026-05-29 16:29:15,387] 25 root - INFO - Match heuristic business names to paybill payments
[2026-05-29 16:29:15,387] 25 root - INFO - Match heuristic business names to paybill payments
[2026-05-29 16:29:15,394] 25 root - INFO - Match heuristic business names to paybill payments
[2026-05-29 16:29:15,394] 25 root - INFO - Match heuristic business names to paybill payments
[2026-05-29 16:29:15,394] 25 root - INFO - Match heuristic business names to paybill payments
[2026-05-29 16:29:15,394] 25 root - INFO - Match heuristic business names to paybill payments
[2026-05-29 16:29:15,394] 25 root - INFO - Match heuristic business names to paybill payments
[2026-05-29 16:29:15,394] 25 root - INFO - Match heuristic business names to paybill payments
[2026-05-29 16:29:15,394] 25 root - INFO - Match heuristic business names to paybill payments
[2026-05-29 16:29:15,394] 25 root - INFO - Match heuristic business names to paybill payments
[2026-05-29 16:29:15,399] 25 root - INFO - Match heuristic business names to paybill payments
[2026-05-29 16:29:15,399] 25 root - INFO - Match heuristic business names to paybill payments
[2026-05-29 16:29:15,399] 25 root - INFO - Match heuristic business names to paybill payments
[2026-05-29 16:29:15,399] 25 root - INFO - Match heuristic business names to paybill payments
[2026-05-29 16:29:15,401] 25 root - INFO - Match heuristic business names to paybill payments
[2026-05-29 16:29:15,401] 25 root - INFO - Match heuristic business names to paybill payments
[2026-05-29 16:29:15,403] 25 root - INFO - Match heuristic business names to paybill payments
[2026-05-29 16:29:15,403] 25 root - INFO - Match heuristic business names to paybill payments
[2026-05-29 16:29:15,403] 25 root - INFO - Match heuristic business names to paybill payments
[2026-05-29 16:29:15,405] 25 root - INFO - Match heuristic business names to paybill payments
[2026-05-29 16:29:15,405] 25 root - INFO - Match heuristic business names to paybill payments
[2026-05-29 16:29:15,407] 25 root - INFO - Match heuristic business names to paybill payments
[2026-05-29 16:29:15,407] 25 root - INFO - Match heuristic business names to paybill payments
[2026-05-29 16:29:15,413] 25 root - INFO - Match heuristic business names to paybill payments
[2026-05-29 16:29:15,413] 25 root - INFO - Match heuristic business names to paybill payments
[2026-05-29 16:29:15,415] 25 root - INFO - Match heuristic business names to paybill payments
[2026-05-29 16:29:15,415] 25 root - INFO - Match heuristic business names to paybill payments
[2026-05-29 16:29:15,415] 25 root - INFO - Match heuristic business names to paybill payments
[2026-05-29 16:29:15,417] 25 root - INFO - Match heuristic business names to paybill payments
[2026-05-29 16:29:15,417] 25 root - INFO - Match heuristic business names to paybill payments
[2026-05-29 16:29:15,417] 25 root - INFO - Match heuristic business names to paybill payments
[2026-05-29 16:29:15,419] 25 root - INFO - Match heuristic business names to paybill payments
[2026-05-29 16:29:15,419] 25 root - INFO - Match heuristic business names to paybill payments
[2026-05-29 16:29:15,423] 25 root - INFO - Match heuristic business names to paybill payments
[2026-05-29 16:29:15,423] 25 root - INFO - Match heuristic business names to paybill payments
[2026-05-29 16:29:15,423] 25 root - INFO - Match heuristic business names to paybill payments
[2026-05-29 16:29:15,423] 25 root - INFO - Match heuristic business names to paybill payments
[2026-05-29 16:29:15,427] 25 root - INFO - Match heuristic business names to paybill payments
[2026-05-29 16:29:15,427] 25 root - INFO - Match heuristic business names to paybill payments
[2026-05-29 16:29:15,427] 25 root - INFO - Match heuristic business names to paybill payments
[2026-05-29 16:29:15,427] 25 root - INFO - Match heuristic business names to paybill payments
[2026-05-29 16:29:15,427] 25 root - INFO - Match heuristic business names to paybill payments
[2026-05-29 16:29:15,427] 25 root - INFO - Match heuristic business names to paybill payments
[2026-05-29 16:29:15,427] 25 root - INFO - Match heuristic business names to paybill payments
[2026-05-29 16:29:15,427] 25 root - INFO - Match heuristic business names to paybill payments
[2026-05-29 16:29:15,427] 25 root - INFO - Match heuristic business names to paybill payments
[2026-05-29 16:29:15,427] 25 root - INFO - Match heuristic business names to paybill payments
[2026-05-29 16:29:15,427] 25 root - INFO - Match heuristic business names to paybill payments
[2026-05-29 16:29:15,427] 25 root - INFO - Match heuristic business names to paybill payments
[2026-05-29 16:29:15,427] 25 root - INFO - Match heuristic business names to paybill payments
[2026-05-29 16:29:15,427] 25 root - INFO - Match heuristic business names to paybill payments
[2026-05-29 16:29:15,444] 25 root - INFO - Match heuristic business names to paybill payments
[2026-05-29 16:29:15,444] 25 root - INFO - Match heuristic business names to paybill payments
[2026-05-29 16:29:15,444] 25 root - INFO - Match heuristic business names to paybill payments
[2026-05-29 16:29:15,444] 25 root - INFO - Match heuristic business names to paybill payments
[2026-05-29 16:29:15,444] 25 root - INFO - Match heuristic business names to paybill payments
[2026-05-29 16:29:15,444] 25 root - INFO - Match heuristic business names to paybill payments
[2026-05-29 16:29:15,444] 25 root - INFO - Match heuristic business names to paybill payments
[2026-05-29 16:29:15,444] 25 root - INFO - Match heuristic business names to paybill payments
[2026-05-29 16:29:15,460] 25 root - INFO - Match heuristic business names to paybill payments
[2026-05-29 16:29:15,461] 25 root - INFO - Match heuristic business names to paybill payments
[2026-05-29 16:29:15,461] 25 root - INFO - Match heuristic business names to paybill payments
[2026-05-29 16:29:15,461] 25 root - INFO - Match heuristic business names to paybill payments
[2026-05-29 16:29:15,461] 25 root - INFO - Match heuristic business names to paybill payments
[2026-05-29 16:29:15,461] 25 root - INFO - Match heuristic business names to paybill payments
[2026-05-29 16:29:15,461] 25 root - INFO - Match heuristic business names to paybill payments
[2026-05-29 16:29:15,461] 25 root - INFO - Match heuristic business names to paybill payments
[2026-05-29 16:29:15,461] 25 root - INFO - Match heuristic business names to paybill payments
[2026-05-29 16:29:15,461] 25 root - INFO - Match heuristic business names to paybill payments
[2026-05-29 16:29:15,461] 25 root - INFO - Match heuristic business names to paybill payments
[2026-05-29 16:29:15,461] 25 root - INFO - Match heuristic business names to paybill payments
[2026-05-29 16:29:15,461] 25 root - INFO - Match heuristic business names to paybill payments
[2026-05-29 16:29:15,461] 25 root - INFO - Match heuristic business names to paybill payments
[2026-05-29 16:29:15,461] 25 root - INFO - Match heuristic business names to paybill payments
[2026-05-29 16:29:15,475] 25 root - INFO - Match heuristic business names to paybill payments
[2026-05-29 16:29:15,477] 25 root - INFO - Match heuristic business names to paybill payments
[2026-05-29 16:29:15,477] 25 root - INFO - Match heuristic business names to paybill payments
[2026-05-29 16:29:15,477] 25 root - INFO - Match heuristic business names to paybill payments
[2026-05-29 16:29:15,477] 25 root - INFO - Match heuristic business names to paybill payments
[2026-05-29 16:29:15,477] 25 root - INFO - Match heuristic business names to paybill payments
[2026-05-29 16:29:15,477] 25 root - INFO - Match heuristic business names to paybill payments
[2026-05-29 16:29:15,477] 25 root - INFO - Match heuristic business names to paybill payments
[2026-05-29 16:29:15,477] 25 root - INFO - Match heuristic business names to paybill payments
[2026-05-29 16:29:15,491] 25 root - INFO - Match heuristic business names to paybill payments
[2026-05-29 16:29:15,494] 25 root - INFO - Match heuristic business names to paybill payments
[2026-05-29 16:29:15,494] 25 root - INFO - Match heuristic business names to paybill payments
[2026-05-29 16:29:15,494] 25 root - INFO - Match heuristic business names to paybill payments
[2026-05-29 16:29:15,494] 25 root - INFO - Match heuristic business names to paybill payments
[2026-05-29 16:29:15,494] 25 root - INFO - Match heuristic business names to paybill payments
[2026-05-29 16:29:15,494] 25 root - INFO - Match heuristic business names to paybill payments
[2026-05-29 16:29:15,494] 25 root - INFO - Match heuristic business names to paybill payments
[2026-05-29 16:29:15,494] 25 root - INFO - Match heuristic business names to paybill payments
[2026-05-29 16:29:15,494] 25 root - INFO - Match heuristic business names to paybill payments
[2026-05-29 16:29:15,494] 25 root - INFO - Match heuristic business names to paybill payments
[2026-05-29 16:29:15,494] 25 root - INFO - Match heuristic business names to paybill payments
[2026-05-29 16:29:15,549] 194 root - INFO - Data parsing complete
[2026-05-29 16:29:15,552] 21 root - INFO - Initiated report generation
[2026-05-29 16:29:15,599] 58 root - INFO - Report successfully generated
